[2026-05-15T16:21:58.109+0000] {processor.py:186} INFO - Started process (PID=175) to work on /opt/airflow/dags/retailflow_pipeline_dag.py
[2026-05-15T16:21:58.110+0000] {processor.py:914} INFO - Processing file /opt/airflow/dags/retailflow_pipeline_dag.py for tasks to queue
[2026-05-15T16:21:58.111+0000] {logging_mixin.py:190} INFO - [2026-05-15T16:21:58.111+0000] {dagbag.py:588} INFO - Filling up the DagBag from /opt/airflow/dags/retailflow_pipeline_dag.py
[2026-05-15T16:21:58.148+0000] {processor.py:925} INFO - DAG(s) 'retailflow_pipeline' retrieved from /opt/airflow/dags/retailflow_pipeline_dag.py
[2026-05-15T16:21:58.373+0000] {logging_mixin.py:190} INFO - [2026-05-15T16:21:58.372+0000] {override.py:1911} INFO - Created Permission View: can read on DAG:retailflow_pipeline
[2026-05-15T16:21:58.382+0000] {logging_mixin.py:190} INFO - [2026-05-15T16:21:58.381+0000] {override.py:1911} INFO - Created Permission View: can delete on DAG:retailflow_pipeline
[2026-05-15T16:21:58.388+0000] {logging_mixin.py:190} INFO - [2026-05-15T16:21:58.388+0000] {override.py:1911} INFO - Created Permission View: can edit on DAG:retailflow_pipeline
[2026-05-15T16:21:58.396+0000] {logging_mixin.py:190} INFO - [2026-05-15T16:21:58.396+0000] {override.py:1911} INFO - Created Permission View: can read on DAG Run:retailflow_pipeline
[2026-05-15T16:21:58.402+0000] {logging_mixin.py:190} INFO - [2026-05-15T16:21:58.402+0000] {override.py:1911} INFO - Created Permission View: can delete on DAG Run:retailflow_pipeline
[2026-05-15T16:21:58.408+0000] {logging_mixin.py:190} INFO - [2026-05-15T16:21:58.407+0000] {override.py:1911} INFO - Created Permission View: menu access on DAG Run:retailflow_pipeline
[2026-05-15T16:21:58.413+0000] {logging_mixin.py:190} INFO - [2026-05-15T16:21:58.413+0000] {override.py:1911} INFO - Created Permission View: can create on DAG Run:retailflow_pipeline
[2026-05-15T16:21:58.414+0000] {logging_mixin.py:190} INFO - [2026-05-15T16:21:58.414+0000] {dag.py:3239} INFO - Sync 1 DAGs
[2026-05-15T16:21:58.423+0000] {logging_mixin.py:190} INFO - [2026-05-15T16:21:58.423+0000] {dag.py:3262} INFO - Creating ORM DAG for retailflow_pipeline
[2026-05-15T16:21:58.424+0000] {logging_mixin.py:190} INFO - [2026-05-15T16:21:58.424+0000] {dag.py:4180} INFO - Setting next_dagrun for retailflow_pipeline to None, run_after=None
[2026-05-15T16:21:58.442+0000] {processor.py:208} INFO - Processing /opt/airflow/dags/retailflow_pipeline_dag.py took 0.339 seconds
[2026-05-15T16:22:28.595+0000] {processor.py:186} INFO - Started process (PID=180) to work on /opt/airflow/dags/retailflow_pipeline_dag.py
[2026-05-15T16:22:28.596+0000] {processor.py:914} INFO - Processing file /opt/airflow/dags/retailflow_pipeline_dag.py for tasks to queue
[2026-05-15T16:22:28.598+0000] {logging_mixin.py:190} INFO - [2026-05-15T16:22:28.598+0000] {dagbag.py:588} INFO - Filling up the DagBag from /opt/airflow/dags/retailflow_pipeline_dag.py
[2026-05-15T16:22:28.611+0000] {processor.py:925} INFO - DAG(s) 'retailflow_pipeline' retrieved from /opt/airflow/dags/retailflow_pipeline_dag.py
[2026-05-15T16:22:28.634+0000] {logging_mixin.py:190} INFO - [2026-05-15T16:22:28.634+0000] {dag.py:3239} INFO - Sync 1 DAGs
[2026-05-15T16:22:28.646+0000] {logging_mixin.py:190} INFO - [2026-05-15T16:22:28.646+0000] {dag.py:4180} INFO - Setting next_dagrun for retailflow_pipeline to None, run_after=None
[2026-05-15T16:22:28.660+0000] {processor.py:208} INFO - Processing /opt/airflow/dags/retailflow_pipeline_dag.py took 0.068 seconds
[2026-05-15T16:22:58.743+0000] {processor.py:186} INFO - Started process (PID=185) to work on /opt/airflow/dags/retailflow_pipeline_dag.py
[2026-05-15T16:22:58.744+0000] {processor.py:914} INFO - Processing file /opt/airflow/dags/retailflow_pipeline_dag.py for tasks to queue
[2026-05-15T16:22:58.746+0000] {logging_mixin.py:190} INFO - [2026-05-15T16:22:58.746+0000] {dagbag.py:588} INFO - Filling up the DagBag from /opt/airflow/dags/retailflow_pipeline_dag.py
[2026-05-15T16:22:58.761+0000] {processor.py:925} INFO - DAG(s) 'retailflow_pipeline' retrieved from /opt/airflow/dags/retailflow_pipeline_dag.py
[2026-05-15T16:22:58.784+0000] {logging_mixin.py:190} INFO - [2026-05-15T16:22:58.784+0000] {dag.py:3239} INFO - Sync 1 DAGs
[2026-05-15T16:22:58.794+0000] {logging_mixin.py:190} INFO - [2026-05-15T16:22:58.794+0000] {dag.py:4180} INFO - Setting next_dagrun for retailflow_pipeline to None, run_after=None
[2026-05-15T16:22:58.809+0000] {processor.py:208} INFO - Processing /opt/airflow/dags/retailflow_pipeline_dag.py took 0.070 seconds
[2026-05-15T16:23:28.934+0000] {processor.py:186} INFO - Started process (PID=190) to work on /opt/airflow/dags/retailflow_pipeline_dag.py
[2026-05-15T16:23:28.935+0000] {processor.py:914} INFO - Processing file /opt/airflow/dags/retailflow_pipeline_dag.py for tasks to queue
[2026-05-15T16:23:28.937+0000] {logging_mixin.py:190} INFO - [2026-05-15T16:23:28.936+0000] {dagbag.py:588} INFO - Filling up the DagBag from /opt/airflow/dags/retailflow_pipeline_dag.py
[2026-05-15T16:23:28.952+0000] {processor.py:925} INFO - DAG(s) 'retailflow_pipeline' retrieved from /opt/airflow/dags/retailflow_pipeline_dag.py
[2026-05-15T16:23:28.976+0000] {logging_mixin.py:190} INFO - [2026-05-15T16:23:28.975+0000] {dag.py:3239} INFO - Sync 1 DAGs
[2026-05-15T16:23:28.988+0000] {logging_mixin.py:190} INFO - [2026-05-15T16:23:28.988+0000] {dag.py:4180} INFO - Setting next_dagrun for retailflow_pipeline to None, run_after=None
[2026-05-15T16:23:29.008+0000] {processor.py:208} INFO - Processing /opt/airflow/dags/retailflow_pipeline_dag.py took 0.077 seconds
[2026-05-15T16:23:59.088+0000] {processor.py:186} INFO - Started process (PID=195) to work on /opt/airflow/dags/retailflow_pipeline_dag.py
[2026-05-15T16:23:59.088+0000] {processor.py:914} INFO - Processing file /opt/airflow/dags/retailflow_pipeline_dag.py for tasks to queue
[2026-05-15T16:23:59.090+0000] {logging_mixin.py:190} INFO - [2026-05-15T16:23:59.090+0000] {dagbag.py:588} INFO - Filling up the DagBag from /opt/airflow/dags/retailflow_pipeline_dag.py
[2026-05-15T16:23:59.106+0000] {processor.py:925} INFO - DAG(s) 'retailflow_pipeline' retrieved from /opt/airflow/dags/retailflow_pipeline_dag.py
[2026-05-15T16:23:59.128+0000] {logging_mixin.py:190} INFO - [2026-05-15T16:23:59.128+0000] {dag.py:3239} INFO - Sync 1 DAGs
[2026-05-15T16:23:59.139+0000] {logging_mixin.py:190} INFO - [2026-05-15T16:23:59.139+0000] {dag.py:4180} INFO - Setting next_dagrun for retailflow_pipeline to None, run_after=None
[2026-05-15T16:23:59.153+0000] {processor.py:208} INFO - Processing /opt/airflow/dags/retailflow_pipeline_dag.py took 0.070 seconds
[2026-05-15T16:24:29.277+0000] {processor.py:186} INFO - Started process (PID=200) to work on /opt/airflow/dags/retailflow_pipeline_dag.py
[2026-05-15T16:24:29.277+0000] {processor.py:914} INFO - Processing file /opt/airflow/dags/retailflow_pipeline_dag.py for tasks to queue
[2026-05-15T16:24:29.279+0000] {logging_mixin.py:190} INFO - [2026-05-15T16:24:29.279+0000] {dagbag.py:588} INFO - Filling up the DagBag from /opt/airflow/dags/retailflow_pipeline_dag.py
[2026-05-15T16:24:29.294+0000] {processor.py:925} INFO - DAG(s) 'retailflow_pipeline' retrieved from /opt/airflow/dags/retailflow_pipeline_dag.py
[2026-05-15T16:24:29.316+0000] {logging_mixin.py:190} INFO - [2026-05-15T16:24:29.316+0000] {dag.py:3239} INFO - Sync 1 DAGs
[2026-05-15T16:24:29.327+0000] {logging_mixin.py:190} INFO - [2026-05-15T16:24:29.327+0000] {dag.py:4180} INFO - Setting next_dagrun for retailflow_pipeline to None, run_after=None
[2026-05-15T16:24:29.341+0000] {processor.py:208} INFO - Processing /opt/airflow/dags/retailflow_pipeline_dag.py took 0.068 seconds
[2026-05-15T16:24:59.425+0000] {processor.py:186} INFO - Started process (PID=205) to work on /opt/airflow/dags/retailflow_pipeline_dag.py
[2026-05-15T16:24:59.425+0000] {processor.py:914} INFO - Processing file /opt/airflow/dags/retailflow_pipeline_dag.py for tasks to queue
[2026-05-15T16:24:59.427+0000] {logging_mixin.py:190} INFO - [2026-05-15T16:24:59.426+0000] {dagbag.py:588} INFO - Filling up the DagBag from /opt/airflow/dags/retailflow_pipeline_dag.py
[2026-05-15T16:24:59.440+0000] {processor.py:925} INFO - DAG(s) 'retailflow_pipeline' retrieved from /opt/airflow/dags/retailflow_pipeline_dag.py
[2026-05-15T16:24:59.460+0000] {logging_mixin.py:190} INFO - [2026-05-15T16:24:59.460+0000] {dag.py:3239} INFO - Sync 1 DAGs
[2026-05-15T16:24:59.471+0000] {logging_mixin.py:190} INFO - [2026-05-15T16:24:59.471+0000] {dag.py:4180} INFO - Setting next_dagrun for retailflow_pipeline to None, run_after=None
[2026-05-15T16:24:59.485+0000] {processor.py:208} INFO - Processing /opt/airflow/dags/retailflow_pipeline_dag.py took 0.065 seconds
[2026-05-15T16:25:29.615+0000] {processor.py:186} INFO - Started process (PID=210) to work on /opt/airflow/dags/retailflow_pipeline_dag.py
[2026-05-15T16:25:29.616+0000] {processor.py:914} INFO - Processing file /opt/airflow/dags/retailflow_pipeline_dag.py for tasks to queue
[2026-05-15T16:25:29.617+0000] {logging_mixin.py:190} INFO - [2026-05-15T16:25:29.617+0000] {dagbag.py:588} INFO - Filling up the DagBag from /opt/airflow/dags/retailflow_pipeline_dag.py
[2026-05-15T16:25:29.631+0000] {processor.py:925} INFO - DAG(s) 'retailflow_pipeline' retrieved from /opt/airflow/dags/retailflow_pipeline_dag.py
[2026-05-15T16:25:29.652+0000] {logging_mixin.py:190} INFO - [2026-05-15T16:25:29.652+0000] {dag.py:3239} INFO - Sync 1 DAGs
[2026-05-15T16:25:29.663+0000] {logging_mixin.py:190} INFO - [2026-05-15T16:25:29.663+0000] {dag.py:4180} INFO - Setting next_dagrun for retailflow_pipeline to None, run_after=None
[2026-05-15T16:25:29.677+0000] {processor.py:208} INFO - Processing /opt/airflow/dags/retailflow_pipeline_dag.py took 0.066 seconds
[2026-05-15T16:25:59.763+0000] {processor.py:186} INFO - Started process (PID=215) to work on /opt/airflow/dags/retailflow_pipeline_dag.py
[2026-05-15T16:25:59.763+0000] {processor.py:914} INFO - Processing file /opt/airflow/dags/retailflow_pipeline_dag.py for tasks to queue
[2026-05-15T16:25:59.765+0000] {logging_mixin.py:190} INFO - [2026-05-15T16:25:59.765+0000] {dagbag.py:588} INFO - Filling up the DagBag from /opt/airflow/dags/retailflow_pipeline_dag.py
[2026-05-15T16:25:59.780+0000] {processor.py:925} INFO - DAG(s) 'retailflow_pipeline' retrieved from /opt/airflow/dags/retailflow_pipeline_dag.py
[2026-05-15T16:25:59.802+0000] {logging_mixin.py:190} INFO - [2026-05-15T16:25:59.802+0000] {dag.py:3239} INFO - Sync 1 DAGs
[2026-05-15T16:25:59.812+0000] {logging_mixin.py:190} INFO - [2026-05-15T16:25:59.812+0000] {dag.py:4180} INFO - Setting next_dagrun for retailflow_pipeline to None, run_after=None
[2026-05-15T16:25:59.826+0000] {processor.py:208} INFO - Processing /opt/airflow/dags/retailflow_pipeline_dag.py took 0.068 seconds
[2026-05-15T16:26:29.954+0000] {processor.py:186} INFO - Started process (PID=220) to work on /opt/airflow/dags/retailflow_pipeline_dag.py
[2026-05-15T16:26:29.954+0000] {processor.py:914} INFO - Processing file /opt/airflow/dags/retailflow_pipeline_dag.py for tasks to queue
[2026-05-15T16:26:29.957+0000] {logging_mixin.py:190} INFO - [2026-05-15T16:26:29.956+0000] {dagbag.py:588} INFO - Filling up the DagBag from /opt/airflow/dags/retailflow_pipeline_dag.py
[2026-05-15T16:26:29.975+0000] {processor.py:925} INFO - DAG(s) 'retailflow_pipeline' retrieved from /opt/airflow/dags/retailflow_pipeline_dag.py
[2026-05-15T16:26:29.999+0000] {logging_mixin.py:190} INFO - [2026-05-15T16:26:29.999+0000] {dag.py:3239} INFO - Sync 1 DAGs
[2026-05-15T16:26:30.013+0000] {logging_mixin.py:190} INFO - [2026-05-15T16:26:30.012+0000] {dag.py:4180} INFO - Setting next_dagrun for retailflow_pipeline to None, run_after=None
[2026-05-15T16:26:30.029+0000] {processor.py:208} INFO - Processing /opt/airflow/dags/retailflow_pipeline_dag.py took 0.080 seconds
[2026-05-15T16:27:00.120+0000] {processor.py:186} INFO - Started process (PID=225) to work on /opt/airflow/dags/retailflow_pipeline_dag.py
[2026-05-15T16:27:00.121+0000] {processor.py:914} INFO - Processing file /opt/airflow/dags/retailflow_pipeline_dag.py for tasks to queue
[2026-05-15T16:27:00.123+0000] {logging_mixin.py:190} INFO - [2026-05-15T16:27:00.122+0000] {dagbag.py:588} INFO - Filling up the DagBag from /opt/airflow/dags/retailflow_pipeline_dag.py
[2026-05-15T16:27:00.139+0000] {processor.py:925} INFO - DAG(s) 'retailflow_pipeline' retrieved from /opt/airflow/dags/retailflow_pipeline_dag.py
[2026-05-15T16:27:00.161+0000] {logging_mixin.py:190} INFO - [2026-05-15T16:27:00.161+0000] {dag.py:3239} INFO - Sync 1 DAGs
[2026-05-15T16:27:00.172+0000] {logging_mixin.py:190} INFO - [2026-05-15T16:27:00.172+0000] {dag.py:4180} INFO - Setting next_dagrun for retailflow_pipeline to None, run_after=None
[2026-05-15T16:27:00.188+0000] {processor.py:208} INFO - Processing /opt/airflow/dags/retailflow_pipeline_dag.py took 0.071 seconds
[2026-05-15T16:27:30.308+0000] {processor.py:186} INFO - Started process (PID=230) to work on /opt/airflow/dags/retailflow_pipeline_dag.py
[2026-05-15T16:27:30.309+0000] {processor.py:914} INFO - Processing file /opt/airflow/dags/retailflow_pipeline_dag.py for tasks to queue
[2026-05-15T16:27:30.310+0000] {logging_mixin.py:190} INFO - [2026-05-15T16:27:30.310+0000] {dagbag.py:588} INFO - Filling up the DagBag from /opt/airflow/dags/retailflow_pipeline_dag.py
[2026-05-15T16:27:30.325+0000] {processor.py:925} INFO - DAG(s) 'retailflow_pipeline' retrieved from /opt/airflow/dags/retailflow_pipeline_dag.py
[2026-05-15T16:27:30.347+0000] {logging_mixin.py:190} INFO - [2026-05-15T16:27:30.346+0000] {dag.py:3239} INFO - Sync 1 DAGs
[2026-05-15T16:27:30.360+0000] {logging_mixin.py:190} INFO - [2026-05-15T16:27:30.360+0000] {dag.py:4180} INFO - Setting next_dagrun for retailflow_pipeline to None, run_after=None
[2026-05-15T16:27:30.376+0000] {processor.py:208} INFO - Processing /opt/airflow/dags/retailflow_pipeline_dag.py took 0.073 seconds
[2026-05-15T16:28:00.455+0000] {processor.py:186} INFO - Started process (PID=235) to work on /opt/airflow/dags/retailflow_pipeline_dag.py
[2026-05-15T16:28:00.455+0000] {processor.py:914} INFO - Processing file /opt/airflow/dags/retailflow_pipeline_dag.py for tasks to queue
[2026-05-15T16:28:00.457+0000] {logging_mixin.py:190} INFO - [2026-05-15T16:28:00.456+0000] {dagbag.py:588} INFO - Filling up the DagBag from /opt/airflow/dags/retailflow_pipeline_dag.py
[2026-05-15T16:28:00.472+0000] {processor.py:925} INFO - DAG(s) 'retailflow_pipeline' retrieved from /opt/airflow/dags/retailflow_pipeline_dag.py
[2026-05-15T16:28:00.495+0000] {logging_mixin.py:190} INFO - [2026-05-15T16:28:00.495+0000] {dag.py:3239} INFO - Sync 1 DAGs
[2026-05-15T16:28:00.506+0000] {logging_mixin.py:190} INFO - [2026-05-15T16:28:00.506+0000] {dag.py:4180} INFO - Setting next_dagrun for retailflow_pipeline to None, run_after=None
[2026-05-15T16:28:00.520+0000] {processor.py:208} INFO - Processing /opt/airflow/dags/retailflow_pipeline_dag.py took 0.069 seconds
[2026-05-15T16:28:30.645+0000] {processor.py:186} INFO - Started process (PID=240) to work on /opt/airflow/dags/retailflow_pipeline_dag.py
[2026-05-15T16:28:30.646+0000] {processor.py:914} INFO - Processing file /opt/airflow/dags/retailflow_pipeline_dag.py for tasks to queue
[2026-05-15T16:28:30.647+0000] {logging_mixin.py:190} INFO - [2026-05-15T16:28:30.647+0000] {dagbag.py:588} INFO - Filling up the DagBag from /opt/airflow/dags/retailflow_pipeline_dag.py
[2026-05-15T16:28:30.662+0000] {processor.py:925} INFO - DAG(s) 'retailflow_pipeline' retrieved from /opt/airflow/dags/retailflow_pipeline_dag.py
[2026-05-15T16:28:30.684+0000] {logging_mixin.py:190} INFO - [2026-05-15T16:28:30.684+0000] {dag.py:3239} INFO - Sync 1 DAGs
[2026-05-15T16:28:30.695+0000] {logging_mixin.py:190} INFO - [2026-05-15T16:28:30.695+0000] {dag.py:4180} INFO - Setting next_dagrun for retailflow_pipeline to None, run_after=None
[2026-05-15T16:28:30.710+0000] {processor.py:208} INFO - Processing /opt/airflow/dags/retailflow_pipeline_dag.py took 0.070 seconds
[2026-05-15T16:32:40.788+0000] {processor.py:186} INFO - Started process (PID=175) to work on /opt/airflow/dags/retailflow_pipeline_dag.py
[2026-05-15T16:32:40.789+0000] {processor.py:914} INFO - Processing file /opt/airflow/dags/retailflow_pipeline_dag.py for tasks to queue
[2026-05-15T16:32:40.790+0000] {logging_mixin.py:190} INFO - [2026-05-15T16:32:40.790+0000] {dagbag.py:588} INFO - Filling up the DagBag from /opt/airflow/dags/retailflow_pipeline_dag.py
[2026-05-15T16:32:40.816+0000] {processor.py:925} INFO - DAG(s) 'retailflow_pipeline' retrieved from /opt/airflow/dags/retailflow_pipeline_dag.py
[2026-05-15T16:32:40.852+0000] {logging_mixin.py:190} INFO - [2026-05-15T16:32:40.852+0000] {dag.py:3239} INFO - Sync 1 DAGs
[2026-05-15T16:32:40.865+0000] {logging_mixin.py:190} INFO - [2026-05-15T16:32:40.865+0000] {dag.py:4180} INFO - Setting next_dagrun for retailflow_pipeline to None, run_after=None
[2026-05-15T16:32:40.883+0000] {processor.py:208} INFO - Processing /opt/airflow/dags/retailflow_pipeline_dag.py took 0.100 seconds
[2026-05-15T16:33:10.940+0000] {processor.py:186} INFO - Started process (PID=180) to work on /opt/airflow/dags/retailflow_pipeline_dag.py
[2026-05-15T16:33:10.940+0000] {processor.py:914} INFO - Processing file /opt/airflow/dags/retailflow_pipeline_dag.py for tasks to queue
[2026-05-15T16:33:10.943+0000] {logging_mixin.py:190} INFO - [2026-05-15T16:33:10.942+0000] {dagbag.py:588} INFO - Filling up the DagBag from /opt/airflow/dags/retailflow_pipeline_dag.py
[2026-05-15T16:33:10.959+0000] {processor.py:925} INFO - DAG(s) 'retailflow_pipeline' retrieved from /opt/airflow/dags/retailflow_pipeline_dag.py
[2026-05-15T16:33:10.984+0000] {logging_mixin.py:190} INFO - [2026-05-15T16:33:10.983+0000] {dag.py:3239} INFO - Sync 1 DAGs
[2026-05-15T16:33:11.000+0000] {logging_mixin.py:190} INFO - [2026-05-15T16:33:11.000+0000] {dag.py:4180} INFO - Setting next_dagrun for retailflow_pipeline to None, run_after=None
[2026-05-15T16:33:11.015+0000] {processor.py:208} INFO - Processing /opt/airflow/dags/retailflow_pipeline_dag.py took 0.080 seconds
[2026-05-15T16:33:41.165+0000] {processor.py:186} INFO - Started process (PID=185) to work on /opt/airflow/dags/retailflow_pipeline_dag.py
[2026-05-15T16:33:41.165+0000] {processor.py:914} INFO - Processing file /opt/airflow/dags/retailflow_pipeline_dag.py for tasks to queue
[2026-05-15T16:33:41.167+0000] {logging_mixin.py:190} INFO - [2026-05-15T16:33:41.167+0000] {dagbag.py:588} INFO - Filling up the DagBag from /opt/airflow/dags/retailflow_pipeline_dag.py
[2026-05-15T16:33:41.182+0000] {processor.py:925} INFO - DAG(s) 'retailflow_pipeline' retrieved from /opt/airflow/dags/retailflow_pipeline_dag.py
[2026-05-15T16:33:41.211+0000] {logging_mixin.py:190} INFO - [2026-05-15T16:33:41.211+0000] {dag.py:3239} INFO - Sync 1 DAGs
[2026-05-15T16:33:41.222+0000] {logging_mixin.py:190} INFO - [2026-05-15T16:33:41.222+0000] {dag.py:4180} INFO - Setting next_dagrun for retailflow_pipeline to None, run_after=None
[2026-05-15T16:33:41.237+0000] {processor.py:208} INFO - Processing /opt/airflow/dags/retailflow_pipeline_dag.py took 0.077 seconds
[2026-05-15T16:34:11.326+0000] {processor.py:186} INFO - Started process (PID=190) to work on /opt/airflow/dags/retailflow_pipeline_dag.py
[2026-05-15T16:34:11.326+0000] {processor.py:914} INFO - Processing file /opt/airflow/dags/retailflow_pipeline_dag.py for tasks to queue
[2026-05-15T16:34:11.328+0000] {logging_mixin.py:190} INFO - [2026-05-15T16:34:11.328+0000] {dagbag.py:588} INFO - Filling up the DagBag from /opt/airflow/dags/retailflow_pipeline_dag.py
[2026-05-15T16:34:11.346+0000] {processor.py:925} INFO - DAG(s) 'retailflow_pipeline' retrieved from /opt/airflow/dags/retailflow_pipeline_dag.py
[2026-05-15T16:34:11.373+0000] {logging_mixin.py:190} INFO - [2026-05-15T16:34:11.373+0000] {dag.py:3239} INFO - Sync 1 DAGs
[2026-05-15T16:34:11.383+0000] {logging_mixin.py:190} INFO - [2026-05-15T16:34:11.383+0000] {dag.py:4180} INFO - Setting next_dagrun for retailflow_pipeline to None, run_after=None
[2026-05-15T16:34:11.397+0000] {processor.py:208} INFO - Processing /opt/airflow/dags/retailflow_pipeline_dag.py took 0.076 seconds
[2026-05-15T16:34:41.522+0000] {processor.py:186} INFO - Started process (PID=195) to work on /opt/airflow/dags/retailflow_pipeline_dag.py
[2026-05-15T16:34:41.523+0000] {processor.py:914} INFO - Processing file /opt/airflow/dags/retailflow_pipeline_dag.py for tasks to queue
[2026-05-15T16:34:41.524+0000] {logging_mixin.py:190} INFO - [2026-05-15T16:34:41.524+0000] {dagbag.py:588} INFO - Filling up the DagBag from /opt/airflow/dags/retailflow_pipeline_dag.py
[2026-05-15T16:34:41.539+0000] {processor.py:925} INFO - DAG(s) 'retailflow_pipeline' retrieved from /opt/airflow/dags/retailflow_pipeline_dag.py
[2026-05-15T16:34:41.558+0000] {logging_mixin.py:190} INFO - [2026-05-15T16:34:41.558+0000] {dag.py:3239} INFO - Sync 1 DAGs
[2026-05-15T16:34:41.568+0000] {logging_mixin.py:190} INFO - [2026-05-15T16:34:41.568+0000] {dag.py:4180} INFO - Setting next_dagrun for retailflow_pipeline to None, run_after=None
[2026-05-15T16:34:41.581+0000] {processor.py:208} INFO - Processing /opt/airflow/dags/retailflow_pipeline_dag.py took 0.063 seconds
[2026-05-15T16:35:11.669+0000] {processor.py:186} INFO - Started process (PID=200) to work on /opt/airflow/dags/retailflow_pipeline_dag.py
[2026-05-15T16:35:11.670+0000] {processor.py:914} INFO - Processing file /opt/airflow/dags/retailflow_pipeline_dag.py for tasks to queue
[2026-05-15T16:35:11.672+0000] {logging_mixin.py:190} INFO - [2026-05-15T16:35:11.671+0000] {dagbag.py:588} INFO - Filling up the DagBag from /opt/airflow/dags/retailflow_pipeline_dag.py
[2026-05-15T16:35:11.687+0000] {processor.py:925} INFO - DAG(s) 'retailflow_pipeline' retrieved from /opt/airflow/dags/retailflow_pipeline_dag.py
[2026-05-15T16:35:11.709+0000] {logging_mixin.py:190} INFO - [2026-05-15T16:35:11.709+0000] {dag.py:3239} INFO - Sync 1 DAGs
[2026-05-15T16:35:11.720+0000] {logging_mixin.py:190} INFO - [2026-05-15T16:35:11.720+0000] {dag.py:4180} INFO - Setting next_dagrun for retailflow_pipeline to None, run_after=None
[2026-05-15T16:35:11.734+0000] {processor.py:208} INFO - Processing /opt/airflow/dags/retailflow_pipeline_dag.py took 0.069 seconds
[2026-05-15T16:35:41.848+0000] {processor.py:186} INFO - Started process (PID=205) to work on /opt/airflow/dags/retailflow_pipeline_dag.py
[2026-05-15T16:35:41.849+0000] {processor.py:914} INFO - Processing file /opt/airflow/dags/retailflow_pipeline_dag.py for tasks to queue
[2026-05-15T16:35:41.851+0000] {logging_mixin.py:190} INFO - [2026-05-15T16:35:41.850+0000] {dagbag.py:588} INFO - Filling up the DagBag from /opt/airflow/dags/retailflow_pipeline_dag.py
[2026-05-15T16:35:41.866+0000] {processor.py:925} INFO - DAG(s) 'retailflow_pipeline' retrieved from /opt/airflow/dags/retailflow_pipeline_dag.py
[2026-05-15T16:35:41.887+0000] {logging_mixin.py:190} INFO - [2026-05-15T16:35:41.887+0000] {dag.py:3239} INFO - Sync 1 DAGs
[2026-05-15T16:35:41.899+0000] {logging_mixin.py:190} INFO - [2026-05-15T16:35:41.899+0000] {dag.py:4180} INFO - Setting next_dagrun for retailflow_pipeline to None, run_after=None
[2026-05-15T16:35:41.913+0000] {processor.py:208} INFO - Processing /opt/airflow/dags/retailflow_pipeline_dag.py took 0.069 seconds
[2026-05-15T16:36:12.002+0000] {processor.py:186} INFO - Started process (PID=210) to work on /opt/airflow/dags/retailflow_pipeline_dag.py
[2026-05-15T16:36:12.003+0000] {processor.py:914} INFO - Processing file /opt/airflow/dags/retailflow_pipeline_dag.py for tasks to queue
[2026-05-15T16:36:12.005+0000] {logging_mixin.py:190} INFO - [2026-05-15T16:36:12.004+0000] {dagbag.py:588} INFO - Filling up the DagBag from /opt/airflow/dags/retailflow_pipeline_dag.py
[2026-05-15T16:36:12.020+0000] {processor.py:925} INFO - DAG(s) 'retailflow_pipeline' retrieved from /opt/airflow/dags/retailflow_pipeline_dag.py
[2026-05-15T16:36:12.042+0000] {logging_mixin.py:190} INFO - [2026-05-15T16:36:12.042+0000] {dag.py:3239} INFO - Sync 1 DAGs
[2026-05-15T16:36:12.054+0000] {logging_mixin.py:190} INFO - [2026-05-15T16:36:12.054+0000] {dag.py:4180} INFO - Setting next_dagrun for retailflow_pipeline to None, run_after=None
[2026-05-15T16:36:12.068+0000] {processor.py:208} INFO - Processing /opt/airflow/dags/retailflow_pipeline_dag.py took 0.071 seconds
