[2026-05-18T11:54:10.744+0000] {local_task_job_runner.py:123} INFO - ::group::Pre task execution logs
[2026-05-18T11:54:10.757+0000] {taskinstance.py:2613} INFO - Dependencies all met for dep_context=non-requeueable deps ti=<TaskInstance: retailflow_pipeline.upload_to_s3 manual__2026-05-18T11:54:04.467207+00:00 [queued]>
[2026-05-18T11:54:10.763+0000] {taskinstance.py:2613} INFO - Dependencies all met for dep_context=requeueable deps ti=<TaskInstance: retailflow_pipeline.upload_to_s3 manual__2026-05-18T11:54:04.467207+00:00 [queued]>
[2026-05-18T11:54:10.763+0000] {taskinstance.py:2866} INFO - Starting attempt 1 of 1
[2026-05-18T11:54:10.774+0000] {taskinstance.py:2889} INFO - Executing <Task(BashOperator): upload_to_s3> on 2026-05-18 11:54:04.467207+00:00
[2026-05-18T11:54:10.780+0000] {standard_task_runner.py:104} INFO - Running: ['***', 'tasks', 'run', 'retailflow_pipeline', 'upload_to_s3', 'manual__2026-05-18T11:54:04.467207+00:00', '--job-id', '8', '--raw', '--subdir', 'DAGS_FOLDER/retailflow_pipeline_dag.py', '--cfg-path', '/tmp/tmpsc1vpr3g']
[2026-05-18T11:54:10.782+0000] {standard_task_runner.py:105} INFO - Job 8: Subtask upload_to_s3
[2026-05-18T11:54:10.782+0000] {logging_mixin.py:190} WARNING - /home/***/.local/lib/python3.12/site-packages/***/task/task_runner/standard_task_runner.py:70 DeprecationWarning: This process (pid=350) is multi-threaded, use of fork() may lead to deadlocks in the child.
[2026-05-18T11:54:10.783+0000] {standard_task_runner.py:72} INFO - Started process 351 to run task
[2026-05-18T11:54:10.819+0000] {task_command.py:467} INFO - Running <TaskInstance: retailflow_pipeline.upload_to_s3 manual__2026-05-18T11:54:04.467207+00:00 [running]> on host 8858b3c39436
[2026-05-18T11:54:10.877+0000] {taskinstance.py:3132} INFO - Exporting env vars: AIRFLOW_CTX_DAG_OWNER='***' AIRFLOW_CTX_DAG_ID='retailflow_pipeline' AIRFLOW_CTX_TASK_ID='upload_to_s3' AIRFLOW_CTX_EXECUTION_DATE='2026-05-18T11:54:04.467207+00:00' AIRFLOW_CTX_TRY_NUMBER='1' AIRFLOW_CTX_DAG_RUN_ID='manual__2026-05-18T11:54:04.467207+00:00'
[2026-05-18T11:54:10.878+0000] {taskinstance.py:731} INFO - ::endgroup::
[2026-05-18T11:54:10.889+0000] {subprocess.py:78} INFO - Tmp dir root location: /tmp
[2026-05-18T11:54:10.890+0000] {subprocess.py:88} INFO - Running command: ['/usr/bin/bash', '-c', 'cd /opt/***/project && python src/upload_to_s3.py']
[2026-05-18T11:54:10.898+0000] {subprocess.py:99} INFO - Output:
[2026-05-18T11:54:12.869+0000] {subprocess.py:106} INFO - Uploaded customers to s3://retailflow-analytics-harrison/processed/customers/customers.csv
[2026-05-18T11:54:12.870+0000] {subprocess.py:106} INFO - Uploaded products to s3://retailflow-analytics-harrison/processed/products/products.csv
[2026-05-18T11:54:12.870+0000] {subprocess.py:106} INFO - Uploaded orders to s3://retailflow-analytics-harrison/processed/orders/orders.csv
[2026-05-18T11:54:12.870+0000] {subprocess.py:106} INFO - Uploaded ad_spend to s3://retailflow-analytics-harrison/processed/ad_spend/ad_spend.csv
[2026-05-18T11:54:12.870+0000] {subprocess.py:106} INFO - Uploaded refunds to s3://retailflow-analytics-harrison/processed/refunds/refunds.csv
[2026-05-18T11:54:12.871+0000] {subprocess.py:106} INFO - S3 upload completed.
[2026-05-18T11:54:12.915+0000] {subprocess.py:110} INFO - Command exited with return code 0
[2026-05-18T11:54:12.936+0000] {taskinstance.py:340} INFO - ::group::Post task execution logs
[2026-05-18T11:54:12.937+0000] {taskinstance.py:352} INFO - Marking task as SUCCESS. dag_id=retailflow_pipeline, task_id=upload_to_s3, run_id=manual__2026-05-18T11:54:04.467207+00:00, execution_date=20260518T115404, start_date=20260518T115410, end_date=20260518T115412
[2026-05-18T11:54:12.962+0000] {local_task_job_runner.py:266} INFO - Task exited with return code 0
[2026-05-18T11:54:12.979+0000] {taskinstance.py:3895} INFO - 1 downstream tasks scheduled from follow-on schedule check
[2026-05-18T11:54:12.983+0000] {local_task_job_runner.py:245} INFO - ::endgroup::
