[2026-05-18T11:54:24.957+0000] {local_task_job_runner.py:123} INFO - ::group::Pre task execution logs
[2026-05-18T11:54:24.970+0000] {taskinstance.py:2613} INFO - Dependencies all met for dep_context=non-requeueable deps ti=<TaskInstance: retailflow_pipeline.dbt_run manual__2026-05-18T11:54:04.467207+00:00 [queued]>
[2026-05-18T11:54:24.975+0000] {taskinstance.py:2613} INFO - Dependencies all met for dep_context=requeueable deps ti=<TaskInstance: retailflow_pipeline.dbt_run manual__2026-05-18T11:54:04.467207+00:00 [queued]>
[2026-05-18T11:54:24.975+0000] {taskinstance.py:2866} INFO - Starting attempt 1 of 1
[2026-05-18T11:54:24.986+0000] {taskinstance.py:2889} INFO - Executing <Task(BashOperator): dbt_run> on 2026-05-18 11:54:04.467207+00:00
[2026-05-18T11:54:24.991+0000] {standard_task_runner.py:104} INFO - Running: ['***', 'tasks', 'run', 'retailflow_pipeline', 'dbt_run', 'manual__2026-05-18T11:54:04.467207+00:00', '--job-id', '10', '--raw', '--subdir', 'DAGS_FOLDER/retailflow_pipeline_dag.py', '--cfg-path', '/tmp/tmpi_4eo4fd']
[2026-05-18T11:54:24.994+0000] {logging_mixin.py:190} WARNING - /home/***/.local/lib/python3.12/site-packages/***/task/task_runner/standard_task_runner.py:70 DeprecationWarning: This process (pid=392) is multi-threaded, use of fork() may lead to deadlocks in the child.
[2026-05-18T11:54:24.998+0000] {standard_task_runner.py:105} INFO - Job 10: Subtask dbt_run
[2026-05-18T11:54:24.998+0000] {standard_task_runner.py:72} INFO - Started process 393 to run task
[2026-05-18T11:54:25.032+0000] {task_command.py:467} INFO - Running <TaskInstance: retailflow_pipeline.dbt_run manual__2026-05-18T11:54:04.467207+00:00 [running]> on host 8858b3c39436
[2026-05-18T11:54:25.088+0000] {taskinstance.py:3132} INFO - Exporting env vars: AIRFLOW_CTX_DAG_OWNER='***' AIRFLOW_CTX_DAG_ID='retailflow_pipeline' AIRFLOW_CTX_TASK_ID='dbt_run' AIRFLOW_CTX_EXECUTION_DATE='2026-05-18T11:54:04.467207+00:00' AIRFLOW_CTX_TRY_NUMBER='1' AIRFLOW_CTX_DAG_RUN_ID='manual__2026-05-18T11:54:04.467207+00:00'
[2026-05-18T11:54:25.089+0000] {taskinstance.py:731} INFO - ::endgroup::
[2026-05-18T11:54:25.100+0000] {subprocess.py:78} INFO - Tmp dir root location: /tmp
[2026-05-18T11:54:25.101+0000] {subprocess.py:88} INFO - Running command: ['/usr/bin/bash', '-c', 'cd /opt/***/project/dbt_retailflow && dbt run']
[2026-05-18T11:54:25.109+0000] {subprocess.py:99} INFO - Output:
[2026-05-18T11:54:27.237+0000] {subprocess.py:106} INFO - [0m11:54:27  Running with dbt=1.11.10
[2026-05-18T11:54:28.022+0000] {subprocess.py:106} INFO - [0m11:54:28  Registered adapter: snowflake=1.11.5
[2026-05-18T11:54:28.242+0000] {subprocess.py:106} INFO - [0m11:54:28  Unable to do partial parsing because of a version mismatch
[2026-05-18T11:54:29.721+0000] {subprocess.py:106} INFO - [0m11:54:29  Found 11 models, 44 data tests, 5 sources, 528 macros
[2026-05-18T11:54:29.723+0000] {subprocess.py:106} INFO - [0m11:54:29
[2026-05-18T11:54:29.724+0000] {subprocess.py:106} INFO - [0m11:54:29  Concurrency: 4 threads (target='dev')
[2026-05-18T11:54:29.724+0000] {subprocess.py:106} INFO - [0m11:54:29
[2026-05-18T11:54:30.437+0000] {subprocess.py:106} INFO - [0m11:54:30  1 of 11 START sql view model DBT_staging.stg_ad_spend .......................... [RUN]
[2026-05-18T11:54:30.438+0000] {subprocess.py:106} INFO - [0m11:54:30  2 of 11 START sql view model DBT_staging.stg_customers ......................... [RUN]
[2026-05-18T11:54:30.439+0000] {subprocess.py:106} INFO - [0m11:54:30  3 of 11 START sql view model DBT_staging.stg_orders ............................ [RUN]
[2026-05-18T11:54:30.439+0000] {subprocess.py:106} INFO - [0m11:54:30  4 of 11 START sql view model DBT_staging.stg_products .......................... [RUN]
[2026-05-18T11:54:30.745+0000] {subprocess.py:106} INFO - [0m11:54:30  1 of 11 OK created sql view model DBT_staging.stg_ad_spend ..................... [[32mSUCCESS 1[0m in 0.30s]
[2026-05-18T11:54:30.746+0000] {subprocess.py:106} INFO - [0m11:54:30  2 of 11 OK created sql view model DBT_staging.stg_customers .................... [[32mSUCCESS 1[0m in 0.30s]
[2026-05-18T11:54:30.749+0000] {subprocess.py:106} INFO - [0m11:54:30  5 of 11 START sql view model DBT_staging.stg_refunds ........................... [RUN]
[2026-05-18T11:54:30.750+0000] {subprocess.py:106} INFO - [0m11:54:30  6 of 11 START sql table model DBT_marts.fact_ad_spend .......................... [RUN]
[2026-05-18T11:54:30.868+0000] {subprocess.py:106} INFO - [0m11:54:30  3 of 11 OK created sql view model DBT_staging.stg_orders ....................... [[32mSUCCESS 1[0m in 0.43s]
[2026-05-18T11:54:30.869+0000] {subprocess.py:106} INFO - [0m11:54:30  7 of 11 START sql table model DBT_marts.dim_customers .......................... [RUN]
[2026-05-18T11:54:30.899+0000] {subprocess.py:106} INFO - [0m11:54:30  4 of 11 OK created sql view model DBT_staging.stg_products ..................... [[32mSUCCESS 1[0m in 0.46s]
[2026-05-18T11:54:30.901+0000] {subprocess.py:106} INFO - [0m11:54:30  8 of 11 START sql table model DBT_marts.dim_products ........................... [RUN]
[2026-05-18T11:54:31.021+0000] {subprocess.py:106} INFO - [0m11:54:31  5 of 11 OK created sql view model DBT_staging.stg_refunds ...................... [[32mSUCCESS 1[0m in 0.27s]
[2026-05-18T11:54:31.022+0000] {subprocess.py:106} INFO - [0m11:54:31  9 of 11 START sql table model DBT_marts.fact_orders ............................ [RUN]
[2026-05-18T11:54:31.465+0000] {subprocess.py:106} INFO - [0m11:54:31  7 of 11 OK created sql table model DBT_marts.dim_customers ..................... [[32mSUCCESS 500[0m in 0.59s]
[2026-05-18T11:54:31.467+0000] {subprocess.py:106} INFO - [0m11:54:31  10 of 11 START sql table model DBT_marts.dim_date .............................. [RUN]
[2026-05-18T11:54:31.557+0000] {subprocess.py:106} INFO - [0m11:54:31  6 of 11 OK created sql table model DBT_marts.fact_ad_spend ..................... [[32mSUCCESS 1095[0m in 0.81s]
[2026-05-18T11:54:31.559+0000] {subprocess.py:106} INFO - [0m11:54:31  11 of 11 START sql table model DBT_marts.fact_refunds .......................... [RUN]
[2026-05-18T11:54:31.878+0000] {subprocess.py:106} INFO - [0m11:54:31  8 of 11 OK created sql table model DBT_marts.dim_products ...................... [[32mSUCCESS 16[0m in 0.98s]
[2026-05-18T11:54:32.011+0000] {subprocess.py:106} INFO - [0m11:54:32  9 of 11 OK created sql table model DBT_marts.fact_orders ....................... [[32mSUCCESS 2000[0m in 0.99s]
[2026-05-18T11:54:32.129+0000] {subprocess.py:106} INFO - [0m11:54:32  11 of 11 OK created sql table model DBT_marts.fact_refunds ..................... [[32mSUCCESS 441[0m in 0.57s]
[2026-05-18T11:54:32.190+0000] {subprocess.py:106} INFO - [0m11:54:32  10 of 11 OK created sql table model DBT_marts.dim_date ......................... [[32mSUCCESS 381[0m in 0.72s]
[2026-05-18T11:54:32.431+0000] {subprocess.py:106} INFO - [0m11:54:32
[2026-05-18T11:54:32.431+0000] {subprocess.py:106} INFO - [0m11:54:32  Finished running 6 table models, 5 view models in 0 hours 0 minutes and 2.71 seconds (2.71s).
[2026-05-18T11:54:32.486+0000] {subprocess.py:106} INFO - [0m11:54:32
[2026-05-18T11:54:32.487+0000] {subprocess.py:106} INFO - [0m11:54:32  [32mCompleted successfully[0m
[2026-05-18T11:54:32.487+0000] {subprocess.py:106} INFO - [0m11:54:32
[2026-05-18T11:54:32.488+0000] {subprocess.py:106} INFO - [0m11:54:32  Done. PASS=11 WARN=0 ERROR=0 SKIP=0 NO-OP=0 TOTAL=11
[2026-05-18T11:54:33.629+0000] {subprocess.py:110} INFO - Command exited with return code 0
[2026-05-18T11:54:33.649+0000] {taskinstance.py:340} INFO - ::group::Post task execution logs
[2026-05-18T11:54:33.650+0000] {taskinstance.py:352} INFO - Marking task as SUCCESS. dag_id=retailflow_pipeline, task_id=dbt_run, run_id=manual__2026-05-18T11:54:04.467207+00:00, execution_date=20260518T115404, start_date=20260518T115424, end_date=20260518T115433
[2026-05-18T11:54:33.668+0000] {local_task_job_runner.py:266} INFO - Task exited with return code 0
[2026-05-18T11:54:33.681+0000] {taskinstance.py:3895} INFO - 1 downstream tasks scheduled from follow-on schedule check
[2026-05-18T11:54:33.684+0000] {local_task_job_runner.py:245} INFO - ::endgroup::
