[2026-05-18T11:41:47.192+0000] {processor.py:186} INFO - Started process (PID=175) to work on /opt/airflow/dags/retailflow_pipeline_dag.py
[2026-05-18T11:41:47.192+0000] {processor.py:914} INFO - Processing file /opt/airflow/dags/retailflow_pipeline_dag.py for tasks to queue
[2026-05-18T11:41:47.194+0000] {logging_mixin.py:190} INFO - [2026-05-18T11:41:47.194+0000] {dagbag.py:588} INFO - Filling up the DagBag from /opt/airflow/dags/retailflow_pipeline_dag.py
[2026-05-18T11:41:47.229+0000] {processor.py:925} INFO - DAG(s) 'retailflow_pipeline' retrieved from /opt/airflow/dags/retailflow_pipeline_dag.py
[2026-05-18T11:41:47.444+0000] {logging_mixin.py:190} INFO - [2026-05-18T11:41:47.444+0000] {dag.py:3239} INFO - Sync 1 DAGs
[2026-05-18T11:41:47.456+0000] {logging_mixin.py:190} INFO - [2026-05-18T11:41:47.456+0000] {dag.py:4180} INFO - Setting next_dagrun for retailflow_pipeline to None, run_after=None
[2026-05-18T11:41:47.476+0000] {processor.py:208} INFO - Processing /opt/airflow/dags/retailflow_pipeline_dag.py took 0.289 seconds
[2026-05-18T11:42:56.023+0000] {processor.py:186} INFO - Started process (PID=175) to work on /opt/airflow/dags/retailflow_pipeline_dag.py
[2026-05-18T11:42:56.024+0000] {processor.py:914} INFO - Processing file /opt/airflow/dags/retailflow_pipeline_dag.py for tasks to queue
[2026-05-18T11:42:56.025+0000] {logging_mixin.py:190} INFO - [2026-05-18T11:42:56.025+0000] {dagbag.py:588} INFO - Filling up the DagBag from /opt/airflow/dags/retailflow_pipeline_dag.py
[2026-05-18T11:42:56.051+0000] {processor.py:925} INFO - DAG(s) 'retailflow_pipeline' retrieved from /opt/airflow/dags/retailflow_pipeline_dag.py
[2026-05-18T11:42:56.085+0000] {logging_mixin.py:190} INFO - [2026-05-18T11:42:56.085+0000] {dag.py:3239} INFO - Sync 1 DAGs
[2026-05-18T11:42:56.098+0000] {logging_mixin.py:190} INFO - [2026-05-18T11:42:56.098+0000] {dag.py:4180} INFO - Setting next_dagrun for retailflow_pipeline to None, run_after=None
[2026-05-18T11:42:56.115+0000] {processor.py:208} INFO - Processing /opt/airflow/dags/retailflow_pipeline_dag.py took 0.096 seconds
[2026-05-18T11:43:26.172+0000] {processor.py:186} INFO - Started process (PID=180) to work on /opt/airflow/dags/retailflow_pipeline_dag.py
[2026-05-18T11:43:26.173+0000] {processor.py:914} INFO - Processing file /opt/airflow/dags/retailflow_pipeline_dag.py for tasks to queue
[2026-05-18T11:43:26.175+0000] {logging_mixin.py:190} INFO - [2026-05-18T11:43:26.174+0000] {dagbag.py:588} INFO - Filling up the DagBag from /opt/airflow/dags/retailflow_pipeline_dag.py
[2026-05-18T11:43:26.191+0000] {processor.py:925} INFO - DAG(s) 'retailflow_pipeline' retrieved from /opt/airflow/dags/retailflow_pipeline_dag.py
[2026-05-18T11:43:26.214+0000] {logging_mixin.py:190} INFO - [2026-05-18T11:43:26.213+0000] {dag.py:3239} INFO - Sync 1 DAGs
[2026-05-18T11:43:26.226+0000] {logging_mixin.py:190} INFO - [2026-05-18T11:43:26.226+0000] {dag.py:4180} INFO - Setting next_dagrun for retailflow_pipeline to None, run_after=None
[2026-05-18T11:43:26.512+0000] {processor.py:208} INFO - Processing /opt/airflow/dags/retailflow_pipeline_dag.py took 0.345 seconds
[2026-05-18T11:43:56.669+0000] {processor.py:186} INFO - Started process (PID=185) to work on /opt/airflow/dags/retailflow_pipeline_dag.py
[2026-05-18T11:43:56.670+0000] {processor.py:914} INFO - Processing file /opt/airflow/dags/retailflow_pipeline_dag.py for tasks to queue
[2026-05-18T11:43:56.672+0000] {logging_mixin.py:190} INFO - [2026-05-18T11:43:56.672+0000] {dagbag.py:588} INFO - Filling up the DagBag from /opt/airflow/dags/retailflow_pipeline_dag.py
[2026-05-18T11:43:56.687+0000] {processor.py:925} INFO - DAG(s) 'retailflow_pipeline' retrieved from /opt/airflow/dags/retailflow_pipeline_dag.py
[2026-05-18T11:43:56.712+0000] {logging_mixin.py:190} INFO - [2026-05-18T11:43:56.711+0000] {dag.py:3239} INFO - Sync 1 DAGs
[2026-05-18T11:43:56.723+0000] {logging_mixin.py:190} INFO - [2026-05-18T11:43:56.723+0000] {dag.py:4180} INFO - Setting next_dagrun for retailflow_pipeline to None, run_after=None
[2026-05-18T11:43:56.738+0000] {processor.py:208} INFO - Processing /opt/airflow/dags/retailflow_pipeline_dag.py took 0.074 seconds
[2026-05-18T11:44:26.813+0000] {processor.py:186} INFO - Started process (PID=190) to work on /opt/airflow/dags/retailflow_pipeline_dag.py
[2026-05-18T11:44:26.814+0000] {processor.py:914} INFO - Processing file /opt/airflow/dags/retailflow_pipeline_dag.py for tasks to queue
[2026-05-18T11:44:26.816+0000] {logging_mixin.py:190} INFO - [2026-05-18T11:44:26.816+0000] {dagbag.py:588} INFO - Filling up the DagBag from /opt/airflow/dags/retailflow_pipeline_dag.py
[2026-05-18T11:44:26.831+0000] {processor.py:925} INFO - DAG(s) 'retailflow_pipeline' retrieved from /opt/airflow/dags/retailflow_pipeline_dag.py
[2026-05-18T11:44:26.855+0000] {logging_mixin.py:190} INFO - [2026-05-18T11:44:26.854+0000] {dag.py:3239} INFO - Sync 1 DAGs
[2026-05-18T11:44:26.866+0000] {logging_mixin.py:190} INFO - [2026-05-18T11:44:26.866+0000] {dag.py:4180} INFO - Setting next_dagrun for retailflow_pipeline to None, run_after=None
[2026-05-18T11:44:26.881+0000] {processor.py:208} INFO - Processing /opt/airflow/dags/retailflow_pipeline_dag.py took 0.072 seconds
[2026-05-18T11:44:57.009+0000] {processor.py:186} INFO - Started process (PID=195) to work on /opt/airflow/dags/retailflow_pipeline_dag.py
[2026-05-18T11:44:57.010+0000] {processor.py:914} INFO - Processing file /opt/airflow/dags/retailflow_pipeline_dag.py for tasks to queue
[2026-05-18T11:44:57.012+0000] {logging_mixin.py:190} INFO - [2026-05-18T11:44:57.012+0000] {dagbag.py:588} INFO - Filling up the DagBag from /opt/airflow/dags/retailflow_pipeline_dag.py
[2026-05-18T11:44:57.026+0000] {processor.py:925} INFO - DAG(s) 'retailflow_pipeline' retrieved from /opt/airflow/dags/retailflow_pipeline_dag.py
[2026-05-18T11:44:57.047+0000] {logging_mixin.py:190} INFO - [2026-05-18T11:44:57.047+0000] {dag.py:3239} INFO - Sync 1 DAGs
[2026-05-18T11:44:57.058+0000] {logging_mixin.py:190} INFO - [2026-05-18T11:44:57.058+0000] {dag.py:4180} INFO - Setting next_dagrun for retailflow_pipeline to None, run_after=None
[2026-05-18T11:44:57.072+0000] {processor.py:208} INFO - Processing /opt/airflow/dags/retailflow_pipeline_dag.py took 0.067 seconds
[2026-05-18T11:45:27.160+0000] {processor.py:186} INFO - Started process (PID=200) to work on /opt/airflow/dags/retailflow_pipeline_dag.py
[2026-05-18T11:45:27.161+0000] {processor.py:914} INFO - Processing file /opt/airflow/dags/retailflow_pipeline_dag.py for tasks to queue
[2026-05-18T11:45:27.163+0000] {logging_mixin.py:190} INFO - [2026-05-18T11:45:27.163+0000] {dagbag.py:588} INFO - Filling up the DagBag from /opt/airflow/dags/retailflow_pipeline_dag.py
[2026-05-18T11:45:27.178+0000] {processor.py:925} INFO - DAG(s) 'retailflow_pipeline' retrieved from /opt/airflow/dags/retailflow_pipeline_dag.py
[2026-05-18T11:45:27.199+0000] {logging_mixin.py:190} INFO - [2026-05-18T11:45:27.199+0000] {dag.py:3239} INFO - Sync 1 DAGs
[2026-05-18T11:45:27.209+0000] {logging_mixin.py:190} INFO - [2026-05-18T11:45:27.209+0000] {dag.py:4180} INFO - Setting next_dagrun for retailflow_pipeline to None, run_after=None
[2026-05-18T11:45:27.226+0000] {processor.py:208} INFO - Processing /opt/airflow/dags/retailflow_pipeline_dag.py took 0.070 seconds
[2026-05-18T11:45:57.342+0000] {processor.py:186} INFO - Started process (PID=205) to work on /opt/airflow/dags/retailflow_pipeline_dag.py
[2026-05-18T11:45:57.342+0000] {processor.py:914} INFO - Processing file /opt/airflow/dags/retailflow_pipeline_dag.py for tasks to queue
[2026-05-18T11:45:57.344+0000] {logging_mixin.py:190} INFO - [2026-05-18T11:45:57.344+0000] {dagbag.py:588} INFO - Filling up the DagBag from /opt/airflow/dags/retailflow_pipeline_dag.py
[2026-05-18T11:45:57.358+0000] {processor.py:925} INFO - DAG(s) 'retailflow_pipeline' retrieved from /opt/airflow/dags/retailflow_pipeline_dag.py
[2026-05-18T11:45:57.379+0000] {logging_mixin.py:190} INFO - [2026-05-18T11:45:57.379+0000] {dag.py:3239} INFO - Sync 1 DAGs
[2026-05-18T11:45:57.390+0000] {logging_mixin.py:190} INFO - [2026-05-18T11:45:57.390+0000] {dag.py:4180} INFO - Setting next_dagrun for retailflow_pipeline to None, run_after=None
[2026-05-18T11:45:57.403+0000] {processor.py:208} INFO - Processing /opt/airflow/dags/retailflow_pipeline_dag.py took 0.066 seconds
[2026-05-18T11:46:27.495+0000] {processor.py:186} INFO - Started process (PID=210) to work on /opt/airflow/dags/retailflow_pipeline_dag.py
[2026-05-18T11:46:27.495+0000] {processor.py:914} INFO - Processing file /opt/airflow/dags/retailflow_pipeline_dag.py for tasks to queue
[2026-05-18T11:46:27.498+0000] {logging_mixin.py:190} INFO - [2026-05-18T11:46:27.497+0000] {dagbag.py:588} INFO - Filling up the DagBag from /opt/airflow/dags/retailflow_pipeline_dag.py
[2026-05-18T11:46:27.512+0000] {processor.py:925} INFO - DAG(s) 'retailflow_pipeline' retrieved from /opt/airflow/dags/retailflow_pipeline_dag.py
[2026-05-18T11:46:27.533+0000] {logging_mixin.py:190} INFO - [2026-05-18T11:46:27.533+0000] {dag.py:3239} INFO - Sync 1 DAGs
[2026-05-18T11:46:27.544+0000] {logging_mixin.py:190} INFO - [2026-05-18T11:46:27.544+0000] {dag.py:4180} INFO - Setting next_dagrun for retailflow_pipeline to None, run_after=None
[2026-05-18T11:46:27.560+0000] {processor.py:208} INFO - Processing /opt/airflow/dags/retailflow_pipeline_dag.py took 0.069 seconds
[2026-05-18T11:46:57.674+0000] {processor.py:186} INFO - Started process (PID=215) to work on /opt/airflow/dags/retailflow_pipeline_dag.py
[2026-05-18T11:46:57.674+0000] {processor.py:914} INFO - Processing file /opt/airflow/dags/retailflow_pipeline_dag.py for tasks to queue
[2026-05-18T11:46:57.676+0000] {logging_mixin.py:190} INFO - [2026-05-18T11:46:57.676+0000] {dagbag.py:588} INFO - Filling up the DagBag from /opt/airflow/dags/retailflow_pipeline_dag.py
[2026-05-18T11:46:57.691+0000] {processor.py:925} INFO - DAG(s) 'retailflow_pipeline' retrieved from /opt/airflow/dags/retailflow_pipeline_dag.py
[2026-05-18T11:46:57.712+0000] {logging_mixin.py:190} INFO - [2026-05-18T11:46:57.712+0000] {dag.py:3239} INFO - Sync 1 DAGs
[2026-05-18T11:46:57.723+0000] {logging_mixin.py:190} INFO - [2026-05-18T11:46:57.723+0000] {dag.py:4180} INFO - Setting next_dagrun for retailflow_pipeline to None, run_after=None
[2026-05-18T11:46:57.737+0000] {processor.py:208} INFO - Processing /opt/airflow/dags/retailflow_pipeline_dag.py took 0.068 seconds
[2026-05-18T11:47:27.834+0000] {processor.py:186} INFO - Started process (PID=220) to work on /opt/airflow/dags/retailflow_pipeline_dag.py
[2026-05-18T11:47:27.835+0000] {processor.py:914} INFO - Processing file /opt/airflow/dags/retailflow_pipeline_dag.py for tasks to queue
[2026-05-18T11:47:27.837+0000] {logging_mixin.py:190} INFO - [2026-05-18T11:47:27.837+0000] {dagbag.py:588} INFO - Filling up the DagBag from /opt/airflow/dags/retailflow_pipeline_dag.py
[2026-05-18T11:47:27.853+0000] {processor.py:925} INFO - DAG(s) 'retailflow_pipeline' retrieved from /opt/airflow/dags/retailflow_pipeline_dag.py
[2026-05-18T11:47:27.875+0000] {logging_mixin.py:190} INFO - [2026-05-18T11:47:27.875+0000] {dag.py:3239} INFO - Sync 1 DAGs
[2026-05-18T11:47:27.886+0000] {logging_mixin.py:190} INFO - [2026-05-18T11:47:27.886+0000] {dag.py:4180} INFO - Setting next_dagrun for retailflow_pipeline to None, run_after=None
[2026-05-18T11:47:27.902+0000] {processor.py:208} INFO - Processing /opt/airflow/dags/retailflow_pipeline_dag.py took 0.072 seconds
[2026-05-18T11:47:58.035+0000] {processor.py:186} INFO - Started process (PID=225) to work on /opt/airflow/dags/retailflow_pipeline_dag.py
[2026-05-18T11:47:58.035+0000] {processor.py:914} INFO - Processing file /opt/airflow/dags/retailflow_pipeline_dag.py for tasks to queue
[2026-05-18T11:47:58.037+0000] {logging_mixin.py:190} INFO - [2026-05-18T11:47:58.037+0000] {dagbag.py:588} INFO - Filling up the DagBag from /opt/airflow/dags/retailflow_pipeline_dag.py
[2026-05-18T11:47:58.052+0000] {processor.py:925} INFO - DAG(s) 'retailflow_pipeline' retrieved from /opt/airflow/dags/retailflow_pipeline_dag.py
[2026-05-18T11:47:58.073+0000] {logging_mixin.py:190} INFO - [2026-05-18T11:47:58.073+0000] {dag.py:3239} INFO - Sync 1 DAGs
[2026-05-18T11:47:58.084+0000] {logging_mixin.py:190} INFO - [2026-05-18T11:47:58.084+0000] {dag.py:4180} INFO - Setting next_dagrun for retailflow_pipeline to None, run_after=None
[2026-05-18T11:47:58.098+0000] {processor.py:208} INFO - Processing /opt/airflow/dags/retailflow_pipeline_dag.py took 0.068 seconds
[2026-05-18T11:48:28.186+0000] {processor.py:186} INFO - Started process (PID=230) to work on /opt/airflow/dags/retailflow_pipeline_dag.py
[2026-05-18T11:48:28.187+0000] {processor.py:914} INFO - Processing file /opt/airflow/dags/retailflow_pipeline_dag.py for tasks to queue
[2026-05-18T11:48:28.189+0000] {logging_mixin.py:190} INFO - [2026-05-18T11:48:28.188+0000] {dagbag.py:588} INFO - Filling up the DagBag from /opt/airflow/dags/retailflow_pipeline_dag.py
[2026-05-18T11:48:28.204+0000] {processor.py:925} INFO - DAG(s) 'retailflow_pipeline' retrieved from /opt/airflow/dags/retailflow_pipeline_dag.py
[2026-05-18T11:48:28.226+0000] {logging_mixin.py:190} INFO - [2026-05-18T11:48:28.226+0000] {dag.py:3239} INFO - Sync 1 DAGs
[2026-05-18T11:48:28.237+0000] {logging_mixin.py:190} INFO - [2026-05-18T11:48:28.237+0000] {dag.py:4180} INFO - Setting next_dagrun for retailflow_pipeline to None, run_after=None
[2026-05-18T11:48:28.251+0000] {processor.py:208} INFO - Processing /opt/airflow/dags/retailflow_pipeline_dag.py took 0.069 seconds
[2026-05-18T11:48:58.377+0000] {processor.py:186} INFO - Started process (PID=235) to work on /opt/airflow/dags/retailflow_pipeline_dag.py
[2026-05-18T11:48:58.378+0000] {processor.py:914} INFO - Processing file /opt/airflow/dags/retailflow_pipeline_dag.py for tasks to queue
[2026-05-18T11:48:58.380+0000] {logging_mixin.py:190} INFO - [2026-05-18T11:48:58.380+0000] {dagbag.py:588} INFO - Filling up the DagBag from /opt/airflow/dags/retailflow_pipeline_dag.py
[2026-05-18T11:48:58.395+0000] {processor.py:925} INFO - DAG(s) 'retailflow_pipeline' retrieved from /opt/airflow/dags/retailflow_pipeline_dag.py
[2026-05-18T11:48:58.416+0000] {logging_mixin.py:190} INFO - [2026-05-18T11:48:58.416+0000] {dag.py:3239} INFO - Sync 1 DAGs
[2026-05-18T11:48:58.427+0000] {logging_mixin.py:190} INFO - [2026-05-18T11:48:58.427+0000] {dag.py:4180} INFO - Setting next_dagrun for retailflow_pipeline to None, run_after=None
[2026-05-18T11:48:58.442+0000] {processor.py:208} INFO - Processing /opt/airflow/dags/retailflow_pipeline_dag.py took 0.069 seconds
[2026-05-18T11:49:28.530+0000] {processor.py:186} INFO - Started process (PID=240) to work on /opt/airflow/dags/retailflow_pipeline_dag.py
[2026-05-18T11:49:28.531+0000] {processor.py:914} INFO - Processing file /opt/airflow/dags/retailflow_pipeline_dag.py for tasks to queue
[2026-05-18T11:49:28.533+0000] {logging_mixin.py:190} INFO - [2026-05-18T11:49:28.533+0000] {dagbag.py:588} INFO - Filling up the DagBag from /opt/airflow/dags/retailflow_pipeline_dag.py
[2026-05-18T11:49:28.549+0000] {processor.py:925} INFO - DAG(s) 'retailflow_pipeline' retrieved from /opt/airflow/dags/retailflow_pipeline_dag.py
[2026-05-18T11:49:28.575+0000] {logging_mixin.py:190} INFO - [2026-05-18T11:49:28.574+0000] {dag.py:3239} INFO - Sync 1 DAGs
[2026-05-18T11:49:28.586+0000] {logging_mixin.py:190} INFO - [2026-05-18T11:49:28.586+0000] {dag.py:4180} INFO - Setting next_dagrun for retailflow_pipeline to None, run_after=None
[2026-05-18T11:49:28.602+0000] {processor.py:208} INFO - Processing /opt/airflow/dags/retailflow_pipeline_dag.py took 0.076 seconds
[2026-05-18T11:49:58.713+0000] {processor.py:186} INFO - Started process (PID=245) to work on /opt/airflow/dags/retailflow_pipeline_dag.py
[2026-05-18T11:49:58.713+0000] {processor.py:914} INFO - Processing file /opt/airflow/dags/retailflow_pipeline_dag.py for tasks to queue
[2026-05-18T11:49:58.715+0000] {logging_mixin.py:190} INFO - [2026-05-18T11:49:58.715+0000] {dagbag.py:588} INFO - Filling up the DagBag from /opt/airflow/dags/retailflow_pipeline_dag.py
[2026-05-18T11:49:58.730+0000] {processor.py:925} INFO - DAG(s) 'retailflow_pipeline' retrieved from /opt/airflow/dags/retailflow_pipeline_dag.py
[2026-05-18T11:49:58.752+0000] {logging_mixin.py:190} INFO - [2026-05-18T11:49:58.752+0000] {dag.py:3239} INFO - Sync 1 DAGs
[2026-05-18T11:49:58.763+0000] {logging_mixin.py:190} INFO - [2026-05-18T11:49:58.762+0000] {dag.py:4180} INFO - Setting next_dagrun for retailflow_pipeline to None, run_after=None
[2026-05-18T11:49:58.776+0000] {processor.py:208} INFO - Processing /opt/airflow/dags/retailflow_pipeline_dag.py took 0.068 seconds
[2026-05-18T11:50:28.869+0000] {processor.py:186} INFO - Started process (PID=250) to work on /opt/airflow/dags/retailflow_pipeline_dag.py
[2026-05-18T11:50:28.870+0000] {processor.py:914} INFO - Processing file /opt/airflow/dags/retailflow_pipeline_dag.py for tasks to queue
[2026-05-18T11:50:28.872+0000] {logging_mixin.py:190} INFO - [2026-05-18T11:50:28.871+0000] {dagbag.py:588} INFO - Filling up the DagBag from /opt/airflow/dags/retailflow_pipeline_dag.py
[2026-05-18T11:50:28.887+0000] {processor.py:925} INFO - DAG(s) 'retailflow_pipeline' retrieved from /opt/airflow/dags/retailflow_pipeline_dag.py
[2026-05-18T11:50:28.908+0000] {logging_mixin.py:190} INFO - [2026-05-18T11:50:28.908+0000] {dag.py:3239} INFO - Sync 1 DAGs
[2026-05-18T11:50:28.919+0000] {logging_mixin.py:190} INFO - [2026-05-18T11:50:28.919+0000] {dag.py:4180} INFO - Setting next_dagrun for retailflow_pipeline to None, run_after=None
[2026-05-18T11:50:28.933+0000] {processor.py:208} INFO - Processing /opt/airflow/dags/retailflow_pipeline_dag.py took 0.069 seconds
[2026-05-18T11:50:59.046+0000] {processor.py:186} INFO - Started process (PID=255) to work on /opt/airflow/dags/retailflow_pipeline_dag.py
[2026-05-18T11:50:59.047+0000] {processor.py:914} INFO - Processing file /opt/airflow/dags/retailflow_pipeline_dag.py for tasks to queue
[2026-05-18T11:50:59.048+0000] {logging_mixin.py:190} INFO - [2026-05-18T11:50:59.048+0000] {dagbag.py:588} INFO - Filling up the DagBag from /opt/airflow/dags/retailflow_pipeline_dag.py
[2026-05-18T11:50:59.064+0000] {processor.py:925} INFO - DAG(s) 'retailflow_pipeline' retrieved from /opt/airflow/dags/retailflow_pipeline_dag.py
[2026-05-18T11:50:59.086+0000] {logging_mixin.py:190} INFO - [2026-05-18T11:50:59.086+0000] {dag.py:3239} INFO - Sync 1 DAGs
[2026-05-18T11:50:59.097+0000] {logging_mixin.py:190} INFO - [2026-05-18T11:50:59.096+0000] {dag.py:4180} INFO - Setting next_dagrun for retailflow_pipeline to None, run_after=None
[2026-05-18T11:50:59.112+0000] {processor.py:208} INFO - Processing /opt/airflow/dags/retailflow_pipeline_dag.py took 0.069 seconds
[2026-05-18T11:51:29.201+0000] {processor.py:186} INFO - Started process (PID=260) to work on /opt/airflow/dags/retailflow_pipeline_dag.py
[2026-05-18T11:51:29.201+0000] {processor.py:914} INFO - Processing file /opt/airflow/dags/retailflow_pipeline_dag.py for tasks to queue
[2026-05-18T11:51:29.203+0000] {logging_mixin.py:190} INFO - [2026-05-18T11:51:29.203+0000] {dagbag.py:588} INFO - Filling up the DagBag from /opt/airflow/dags/retailflow_pipeline_dag.py
[2026-05-18T11:51:29.219+0000] {processor.py:925} INFO - DAG(s) 'retailflow_pipeline' retrieved from /opt/airflow/dags/retailflow_pipeline_dag.py
[2026-05-18T11:51:29.242+0000] {logging_mixin.py:190} INFO - [2026-05-18T11:51:29.242+0000] {dag.py:3239} INFO - Sync 1 DAGs
[2026-05-18T11:51:29.253+0000] {logging_mixin.py:190} INFO - [2026-05-18T11:51:29.253+0000] {dag.py:4180} INFO - Setting next_dagrun for retailflow_pipeline to None, run_after=None
[2026-05-18T11:51:29.270+0000] {processor.py:208} INFO - Processing /opt/airflow/dags/retailflow_pipeline_dag.py took 0.073 seconds
[2026-05-18T11:51:59.391+0000] {processor.py:186} INFO - Started process (PID=265) to work on /opt/airflow/dags/retailflow_pipeline_dag.py
[2026-05-18T11:51:59.392+0000] {processor.py:914} INFO - Processing file /opt/airflow/dags/retailflow_pipeline_dag.py for tasks to queue
[2026-05-18T11:51:59.393+0000] {logging_mixin.py:190} INFO - [2026-05-18T11:51:59.393+0000] {dagbag.py:588} INFO - Filling up the DagBag from /opt/airflow/dags/retailflow_pipeline_dag.py
[2026-05-18T11:51:59.408+0000] {processor.py:925} INFO - DAG(s) 'retailflow_pipeline' retrieved from /opt/airflow/dags/retailflow_pipeline_dag.py
[2026-05-18T11:51:59.428+0000] {logging_mixin.py:190} INFO - [2026-05-18T11:51:59.428+0000] {dag.py:3239} INFO - Sync 1 DAGs
[2026-05-18T11:51:59.440+0000] {logging_mixin.py:190} INFO - [2026-05-18T11:51:59.440+0000] {dag.py:4180} INFO - Setting next_dagrun for retailflow_pipeline to None, run_after=None
[2026-05-18T11:51:59.455+0000] {processor.py:208} INFO - Processing /opt/airflow/dags/retailflow_pipeline_dag.py took 0.068 seconds
[2026-05-18T11:52:29.542+0000] {processor.py:186} INFO - Started process (PID=270) to work on /opt/airflow/dags/retailflow_pipeline_dag.py
[2026-05-18T11:52:29.542+0000] {processor.py:914} INFO - Processing file /opt/airflow/dags/retailflow_pipeline_dag.py for tasks to queue
[2026-05-18T11:52:29.544+0000] {logging_mixin.py:190} INFO - [2026-05-18T11:52:29.543+0000] {dagbag.py:588} INFO - Filling up the DagBag from /opt/airflow/dags/retailflow_pipeline_dag.py
[2026-05-18T11:52:29.559+0000] {processor.py:925} INFO - DAG(s) 'retailflow_pipeline' retrieved from /opt/airflow/dags/retailflow_pipeline_dag.py
[2026-05-18T11:52:29.582+0000] {logging_mixin.py:190} INFO - [2026-05-18T11:52:29.582+0000] {dag.py:3239} INFO - Sync 1 DAGs
[2026-05-18T11:52:29.594+0000] {logging_mixin.py:190} INFO - [2026-05-18T11:52:29.594+0000] {dag.py:4180} INFO - Setting next_dagrun for retailflow_pipeline to None, run_after=None
[2026-05-18T11:52:29.684+0000] {processor.py:208} INFO - Processing /opt/airflow/dags/retailflow_pipeline_dag.py took 0.146 seconds
[2026-05-18T11:52:59.745+0000] {processor.py:186} INFO - Started process (PID=275) to work on /opt/airflow/dags/retailflow_pipeline_dag.py
[2026-05-18T11:52:59.746+0000] {processor.py:914} INFO - Processing file /opt/airflow/dags/retailflow_pipeline_dag.py for tasks to queue
[2026-05-18T11:52:59.747+0000] {logging_mixin.py:190} INFO - [2026-05-18T11:52:59.747+0000] {dagbag.py:588} INFO - Filling up the DagBag from /opt/airflow/dags/retailflow_pipeline_dag.py
[2026-05-18T11:52:59.763+0000] {processor.py:925} INFO - DAG(s) 'retailflow_pipeline' retrieved from /opt/airflow/dags/retailflow_pipeline_dag.py
[2026-05-18T11:52:59.787+0000] {logging_mixin.py:190} INFO - [2026-05-18T11:52:59.787+0000] {dag.py:3239} INFO - Sync 1 DAGs
[2026-05-18T11:52:59.796+0000] {logging_mixin.py:190} INFO - [2026-05-18T11:52:59.796+0000] {dag.py:4180} INFO - Setting next_dagrun for retailflow_pipeline to None, run_after=None
[2026-05-18T11:52:59.809+0000] {processor.py:208} INFO - Processing /opt/airflow/dags/retailflow_pipeline_dag.py took 0.068 seconds
[2026-05-18T11:53:29.957+0000] {processor.py:186} INFO - Started process (PID=280) to work on /opt/airflow/dags/retailflow_pipeline_dag.py
[2026-05-18T11:53:29.957+0000] {processor.py:914} INFO - Processing file /opt/airflow/dags/retailflow_pipeline_dag.py for tasks to queue
[2026-05-18T11:53:29.959+0000] {logging_mixin.py:190} INFO - [2026-05-18T11:53:29.959+0000] {dagbag.py:588} INFO - Filling up the DagBag from /opt/airflow/dags/retailflow_pipeline_dag.py
[2026-05-18T11:53:29.972+0000] {processor.py:925} INFO - DAG(s) 'retailflow_pipeline' retrieved from /opt/airflow/dags/retailflow_pipeline_dag.py
[2026-05-18T11:53:29.991+0000] {logging_mixin.py:190} INFO - [2026-05-18T11:53:29.991+0000] {dag.py:3239} INFO - Sync 1 DAGs
[2026-05-18T11:53:30.001+0000] {logging_mixin.py:190} INFO - [2026-05-18T11:53:30.001+0000] {dag.py:4180} INFO - Setting next_dagrun for retailflow_pipeline to None, run_after=None
[2026-05-18T11:53:30.014+0000] {processor.py:208} INFO - Processing /opt/airflow/dags/retailflow_pipeline_dag.py took 0.061 seconds
[2026-05-18T11:54:00.108+0000] {processor.py:186} INFO - Started process (PID=285) to work on /opt/airflow/dags/retailflow_pipeline_dag.py
[2026-05-18T11:54:00.109+0000] {processor.py:914} INFO - Processing file /opt/airflow/dags/retailflow_pipeline_dag.py for tasks to queue
[2026-05-18T11:54:00.110+0000] {logging_mixin.py:190} INFO - [2026-05-18T11:54:00.110+0000] {dagbag.py:588} INFO - Filling up the DagBag from /opt/airflow/dags/retailflow_pipeline_dag.py
[2026-05-18T11:54:00.124+0000] {processor.py:925} INFO - DAG(s) 'retailflow_pipeline' retrieved from /opt/airflow/dags/retailflow_pipeline_dag.py
[2026-05-18T11:54:00.142+0000] {logging_mixin.py:190} INFO - [2026-05-18T11:54:00.142+0000] {dag.py:3239} INFO - Sync 1 DAGs
[2026-05-18T11:54:00.152+0000] {logging_mixin.py:190} INFO - [2026-05-18T11:54:00.152+0000] {dag.py:4180} INFO - Setting next_dagrun for retailflow_pipeline to None, run_after=None
[2026-05-18T11:54:00.166+0000] {processor.py:208} INFO - Processing /opt/airflow/dags/retailflow_pipeline_dag.py took 0.061 seconds
[2026-05-18T11:54:30.282+0000] {processor.py:186} INFO - Started process (PID=433) to work on /opt/airflow/dags/retailflow_pipeline_dag.py
[2026-05-18T11:54:30.283+0000] {processor.py:914} INFO - Processing file /opt/airflow/dags/retailflow_pipeline_dag.py for tasks to queue
[2026-05-18T11:54:30.285+0000] {logging_mixin.py:190} INFO - [2026-05-18T11:54:30.284+0000] {dagbag.py:588} INFO - Filling up the DagBag from /opt/airflow/dags/retailflow_pipeline_dag.py
[2026-05-18T11:54:30.300+0000] {processor.py:925} INFO - DAG(s) 'retailflow_pipeline' retrieved from /opt/airflow/dags/retailflow_pipeline_dag.py
[2026-05-18T11:54:30.323+0000] {logging_mixin.py:190} INFO - [2026-05-18T11:54:30.323+0000] {dag.py:3239} INFO - Sync 1 DAGs
[2026-05-18T11:54:30.334+0000] {logging_mixin.py:190} INFO - [2026-05-18T11:54:30.334+0000] {dag.py:4180} INFO - Setting next_dagrun for retailflow_pipeline to None, run_after=None
[2026-05-18T11:54:30.350+0000] {processor.py:208} INFO - Processing /opt/airflow/dags/retailflow_pipeline_dag.py took 0.072 seconds
[2026-05-18T11:55:00.434+0000] {processor.py:186} INFO - Started process (PID=479) to work on /opt/airflow/dags/retailflow_pipeline_dag.py
[2026-05-18T11:55:00.434+0000] {processor.py:914} INFO - Processing file /opt/airflow/dags/retailflow_pipeline_dag.py for tasks to queue
[2026-05-18T11:55:00.436+0000] {logging_mixin.py:190} INFO - [2026-05-18T11:55:00.436+0000] {dagbag.py:588} INFO - Filling up the DagBag from /opt/airflow/dags/retailflow_pipeline_dag.py
[2026-05-18T11:55:00.450+0000] {processor.py:925} INFO - DAG(s) 'retailflow_pipeline' retrieved from /opt/airflow/dags/retailflow_pipeline_dag.py
[2026-05-18T11:55:00.469+0000] {logging_mixin.py:190} INFO - [2026-05-18T11:55:00.469+0000] {dag.py:3239} INFO - Sync 1 DAGs
[2026-05-18T11:55:00.479+0000] {logging_mixin.py:190} INFO - [2026-05-18T11:55:00.479+0000] {dag.py:4180} INFO - Setting next_dagrun for retailflow_pipeline to None, run_after=None
[2026-05-18T11:55:00.492+0000] {processor.py:208} INFO - Processing /opt/airflow/dags/retailflow_pipeline_dag.py took 0.062 seconds
[2026-05-18T11:55:30.626+0000] {processor.py:186} INFO - Started process (PID=484) to work on /opt/airflow/dags/retailflow_pipeline_dag.py
[2026-05-18T11:55:30.627+0000] {processor.py:914} INFO - Processing file /opt/airflow/dags/retailflow_pipeline_dag.py for tasks to queue
[2026-05-18T11:55:30.629+0000] {logging_mixin.py:190} INFO - [2026-05-18T11:55:30.629+0000] {dagbag.py:588} INFO - Filling up the DagBag from /opt/airflow/dags/retailflow_pipeline_dag.py
[2026-05-18T11:55:30.645+0000] {processor.py:925} INFO - DAG(s) 'retailflow_pipeline' retrieved from /opt/airflow/dags/retailflow_pipeline_dag.py
[2026-05-18T11:55:30.667+0000] {logging_mixin.py:190} INFO - [2026-05-18T11:55:30.667+0000] {dag.py:3239} INFO - Sync 1 DAGs
[2026-05-18T11:55:30.677+0000] {logging_mixin.py:190} INFO - [2026-05-18T11:55:30.677+0000] {dag.py:4180} INFO - Setting next_dagrun for retailflow_pipeline to None, run_after=None
[2026-05-18T11:55:30.692+0000] {processor.py:208} INFO - Processing /opt/airflow/dags/retailflow_pipeline_dag.py took 0.070 seconds
[2026-05-18T11:56:00.778+0000] {processor.py:186} INFO - Started process (PID=489) to work on /opt/airflow/dags/retailflow_pipeline_dag.py
[2026-05-18T11:56:00.778+0000] {processor.py:914} INFO - Processing file /opt/airflow/dags/retailflow_pipeline_dag.py for tasks to queue
[2026-05-18T11:56:00.780+0000] {logging_mixin.py:190} INFO - [2026-05-18T11:56:00.780+0000] {dagbag.py:588} INFO - Filling up the DagBag from /opt/airflow/dags/retailflow_pipeline_dag.py
[2026-05-18T11:56:00.795+0000] {processor.py:925} INFO - DAG(s) 'retailflow_pipeline' retrieved from /opt/airflow/dags/retailflow_pipeline_dag.py
[2026-05-18T11:56:00.817+0000] {logging_mixin.py:190} INFO - [2026-05-18T11:56:00.817+0000] {dag.py:3239} INFO - Sync 1 DAGs
[2026-05-18T11:56:00.828+0000] {logging_mixin.py:190} INFO - [2026-05-18T11:56:00.828+0000] {dag.py:4180} INFO - Setting next_dagrun for retailflow_pipeline to None, run_after=None
[2026-05-18T11:56:00.842+0000] {processor.py:208} INFO - Processing /opt/airflow/dags/retailflow_pipeline_dag.py took 0.069 seconds
[2026-05-18T11:56:30.964+0000] {processor.py:186} INFO - Started process (PID=494) to work on /opt/airflow/dags/retailflow_pipeline_dag.py
[2026-05-18T11:56:30.965+0000] {processor.py:914} INFO - Processing file /opt/airflow/dags/retailflow_pipeline_dag.py for tasks to queue
[2026-05-18T11:56:30.966+0000] {logging_mixin.py:190} INFO - [2026-05-18T11:56:30.966+0000] {dagbag.py:588} INFO - Filling up the DagBag from /opt/airflow/dags/retailflow_pipeline_dag.py
[2026-05-18T11:56:30.980+0000] {processor.py:925} INFO - DAG(s) 'retailflow_pipeline' retrieved from /opt/airflow/dags/retailflow_pipeline_dag.py
[2026-05-18T11:56:31.000+0000] {logging_mixin.py:190} INFO - [2026-05-18T11:56:31.000+0000] {dag.py:3239} INFO - Sync 1 DAGs
[2026-05-18T11:56:31.011+0000] {logging_mixin.py:190} INFO - [2026-05-18T11:56:31.011+0000] {dag.py:4180} INFO - Setting next_dagrun for retailflow_pipeline to None, run_after=None
[2026-05-18T11:56:31.025+0000] {processor.py:208} INFO - Processing /opt/airflow/dags/retailflow_pipeline_dag.py took 0.064 seconds
[2026-05-18T11:57:01.114+0000] {processor.py:186} INFO - Started process (PID=499) to work on /opt/airflow/dags/retailflow_pipeline_dag.py
[2026-05-18T11:57:01.115+0000] {processor.py:914} INFO - Processing file /opt/airflow/dags/retailflow_pipeline_dag.py for tasks to queue
[2026-05-18T11:57:01.116+0000] {logging_mixin.py:190} INFO - [2026-05-18T11:57:01.116+0000] {dagbag.py:588} INFO - Filling up the DagBag from /opt/airflow/dags/retailflow_pipeline_dag.py
[2026-05-18T11:57:01.130+0000] {processor.py:925} INFO - DAG(s) 'retailflow_pipeline' retrieved from /opt/airflow/dags/retailflow_pipeline_dag.py
[2026-05-18T11:57:01.153+0000] {logging_mixin.py:190} INFO - [2026-05-18T11:57:01.153+0000] {dag.py:3239} INFO - Sync 1 DAGs
[2026-05-18T11:57:01.167+0000] {logging_mixin.py:190} INFO - [2026-05-18T11:57:01.167+0000] {dag.py:4180} INFO - Setting next_dagrun for retailflow_pipeline to None, run_after=None
[2026-05-18T11:57:01.183+0000] {processor.py:208} INFO - Processing /opt/airflow/dags/retailflow_pipeline_dag.py took 0.073 seconds
[2026-05-18T11:57:31.295+0000] {processor.py:186} INFO - Started process (PID=504) to work on /opt/airflow/dags/retailflow_pipeline_dag.py
[2026-05-18T11:57:31.296+0000] {processor.py:914} INFO - Processing file /opt/airflow/dags/retailflow_pipeline_dag.py for tasks to queue
[2026-05-18T11:57:31.297+0000] {logging_mixin.py:190} INFO - [2026-05-18T11:57:31.297+0000] {dagbag.py:588} INFO - Filling up the DagBag from /opt/airflow/dags/retailflow_pipeline_dag.py
[2026-05-18T11:57:31.312+0000] {processor.py:925} INFO - DAG(s) 'retailflow_pipeline' retrieved from /opt/airflow/dags/retailflow_pipeline_dag.py
[2026-05-18T11:57:31.338+0000] {logging_mixin.py:190} INFO - [2026-05-18T11:57:31.337+0000] {dag.py:3239} INFO - Sync 1 DAGs
[2026-05-18T11:57:31.350+0000] {logging_mixin.py:190} INFO - [2026-05-18T11:57:31.350+0000] {dag.py:4180} INFO - Setting next_dagrun for retailflow_pipeline to None, run_after=None
[2026-05-18T11:57:31.366+0000] {processor.py:208} INFO - Processing /opt/airflow/dags/retailflow_pipeline_dag.py took 0.075 seconds
[2026-05-18T11:58:01.477+0000] {processor.py:186} INFO - Started process (PID=509) to work on /opt/airflow/dags/retailflow_pipeline_dag.py
[2026-05-18T11:58:01.477+0000] {processor.py:914} INFO - Processing file /opt/airflow/dags/retailflow_pipeline_dag.py for tasks to queue
[2026-05-18T11:58:01.479+0000] {logging_mixin.py:190} INFO - [2026-05-18T11:58:01.479+0000] {dagbag.py:588} INFO - Filling up the DagBag from /opt/airflow/dags/retailflow_pipeline_dag.py
[2026-05-18T11:58:01.493+0000] {processor.py:925} INFO - DAG(s) 'retailflow_pipeline' retrieved from /opt/airflow/dags/retailflow_pipeline_dag.py
[2026-05-18T11:58:01.514+0000] {logging_mixin.py:190} INFO - [2026-05-18T11:58:01.514+0000] {dag.py:3239} INFO - Sync 1 DAGs
[2026-05-18T11:58:01.524+0000] {logging_mixin.py:190} INFO - [2026-05-18T11:58:01.524+0000] {dag.py:4180} INFO - Setting next_dagrun for retailflow_pipeline to None, run_after=None
[2026-05-18T11:58:01.538+0000] {processor.py:208} INFO - Processing /opt/airflow/dags/retailflow_pipeline_dag.py took 0.065 seconds
[2026-05-18T11:58:31.635+0000] {processor.py:186} INFO - Started process (PID=514) to work on /opt/airflow/dags/retailflow_pipeline_dag.py
[2026-05-18T11:58:31.635+0000] {processor.py:914} INFO - Processing file /opt/airflow/dags/retailflow_pipeline_dag.py for tasks to queue
[2026-05-18T11:58:31.637+0000] {logging_mixin.py:190} INFO - [2026-05-18T11:58:31.637+0000] {dagbag.py:588} INFO - Filling up the DagBag from /opt/airflow/dags/retailflow_pipeline_dag.py
[2026-05-18T11:58:31.651+0000] {processor.py:925} INFO - DAG(s) 'retailflow_pipeline' retrieved from /opt/airflow/dags/retailflow_pipeline_dag.py
[2026-05-18T11:58:31.673+0000] {logging_mixin.py:190} INFO - [2026-05-18T11:58:31.673+0000] {dag.py:3239} INFO - Sync 1 DAGs
[2026-05-18T11:58:31.684+0000] {logging_mixin.py:190} INFO - [2026-05-18T11:58:31.684+0000] {dag.py:4180} INFO - Setting next_dagrun for retailflow_pipeline to None, run_after=None
[2026-05-18T11:58:31.699+0000] {processor.py:208} INFO - Processing /opt/airflow/dags/retailflow_pipeline_dag.py took 0.068 seconds
[2026-05-18T11:59:01.811+0000] {processor.py:186} INFO - Started process (PID=519) to work on /opt/airflow/dags/retailflow_pipeline_dag.py
[2026-05-18T11:59:01.812+0000] {processor.py:914} INFO - Processing file /opt/airflow/dags/retailflow_pipeline_dag.py for tasks to queue
[2026-05-18T11:59:01.814+0000] {logging_mixin.py:190} INFO - [2026-05-18T11:59:01.813+0000] {dagbag.py:588} INFO - Filling up the DagBag from /opt/airflow/dags/retailflow_pipeline_dag.py
[2026-05-18T11:59:01.828+0000] {processor.py:925} INFO - DAG(s) 'retailflow_pipeline' retrieved from /opt/airflow/dags/retailflow_pipeline_dag.py
[2026-05-18T11:59:01.849+0000] {logging_mixin.py:190} INFO - [2026-05-18T11:59:01.849+0000] {dag.py:3239} INFO - Sync 1 DAGs
[2026-05-18T11:59:01.859+0000] {logging_mixin.py:190} INFO - [2026-05-18T11:59:01.859+0000] {dag.py:4180} INFO - Setting next_dagrun for retailflow_pipeline to None, run_after=None
[2026-05-18T11:59:01.873+0000] {processor.py:208} INFO - Processing /opt/airflow/dags/retailflow_pipeline_dag.py took 0.066 seconds
