[2026-05-18T11:54:08.830+0000] {local_task_job_runner.py:123} INFO - ::group::Pre task execution logs
[2026-05-18T11:54:08.842+0000] {taskinstance.py:2613} INFO - Dependencies all met for dep_context=non-requeueable deps ti=<TaskInstance: retailflow_pipeline.prepare_data manual__2026-05-18T11:54:04.467207+00:00 [queued]>
[2026-05-18T11:54:08.847+0000] {taskinstance.py:2613} INFO - Dependencies all met for dep_context=requeueable deps ti=<TaskInstance: retailflow_pipeline.prepare_data manual__2026-05-18T11:54:04.467207+00:00 [queued]>
[2026-05-18T11:54:08.848+0000] {taskinstance.py:2866} INFO - Starting attempt 1 of 1
[2026-05-18T11:54:08.858+0000] {taskinstance.py:2889} INFO - Executing <Task(BashOperator): prepare_data> on 2026-05-18 11:54:04.467207+00:00
[2026-05-18T11:54:08.863+0000] {standard_task_runner.py:104} INFO - Running: ['***', 'tasks', 'run', 'retailflow_pipeline', 'prepare_data', 'manual__2026-05-18T11:54:04.467207+00:00', '--job-id', '7', '--raw', '--subdir', 'DAGS_FOLDER/retailflow_pipeline_dag.py', '--cfg-path', '/tmp/tmpttb4kysr']
[2026-05-18T11:54:08.865+0000] {standard_task_runner.py:105} INFO - Job 7: Subtask prepare_data
[2026-05-18T11:54:08.866+0000] {logging_mixin.py:190} WARNING - /home/***/.local/lib/python3.12/site-packages/***/task/task_runner/standard_task_runner.py:70 DeprecationWarning: This process (pid=330) is multi-threaded, use of fork() may lead to deadlocks in the child.
[2026-05-18T11:54:08.866+0000] {standard_task_runner.py:72} INFO - Started process 331 to run task
[2026-05-18T11:54:08.899+0000] {task_command.py:467} INFO - Running <TaskInstance: retailflow_pipeline.prepare_data manual__2026-05-18T11:54:04.467207+00:00 [running]> on host 8858b3c39436
[2026-05-18T11:54:08.952+0000] {taskinstance.py:3132} INFO - Exporting env vars: AIRFLOW_CTX_DAG_OWNER='***' AIRFLOW_CTX_DAG_ID='retailflow_pipeline' AIRFLOW_CTX_TASK_ID='prepare_data' AIRFLOW_CTX_EXECUTION_DATE='2026-05-18T11:54:04.467207+00:00' AIRFLOW_CTX_TRY_NUMBER='1' AIRFLOW_CTX_DAG_RUN_ID='manual__2026-05-18T11:54:04.467207+00:00'
[2026-05-18T11:54:08.953+0000] {taskinstance.py:731} INFO - ::endgroup::
[2026-05-18T11:54:08.964+0000] {subprocess.py:78} INFO - Tmp dir root location: /tmp
[2026-05-18T11:54:08.965+0000] {subprocess.py:88} INFO - Running command: ['/usr/bin/bash', '-c', 'cd /opt/***/project && python src/prepare_data.py']
[2026-05-18T11:54:08.973+0000] {subprocess.py:99} INFO - Output:
[2026-05-18T11:54:09.656+0000] {subprocess.py:106} INFO - Prepared data files created:
[2026-05-18T11:54:09.656+0000] {subprocess.py:106} INFO - - data/processed/customers.csv
[2026-05-18T11:54:09.657+0000] {subprocess.py:106} INFO - - data/processed/products.csv
[2026-05-18T11:54:09.657+0000] {subprocess.py:106} INFO - - data/processed/orders.csv
[2026-05-18T11:54:09.657+0000] {subprocess.py:106} INFO - - data/processed/ad_spend.csv
[2026-05-18T11:54:09.658+0000] {subprocess.py:106} INFO - - data/processed/refunds.csv
[2026-05-18T11:54:09.691+0000] {subprocess.py:110} INFO - Command exited with return code 0
[2026-05-18T11:54:09.712+0000] {taskinstance.py:340} INFO - ::group::Post task execution logs
[2026-05-18T11:54:09.712+0000] {taskinstance.py:352} INFO - Marking task as SUCCESS. dag_id=retailflow_pipeline, task_id=prepare_data, run_id=manual__2026-05-18T11:54:04.467207+00:00, execution_date=20260518T115404, start_date=20260518T115408, end_date=20260518T115409
[2026-05-18T11:54:09.762+0000] {local_task_job_runner.py:266} INFO - Task exited with return code 0
[2026-05-18T11:54:09.779+0000] {taskinstance.py:3895} INFO - 1 downstream tasks scheduled from follow-on schedule check
[2026-05-18T11:54:09.782+0000] {local_task_job_runner.py:245} INFO - ::endgroup::
