[2026-05-18T11:54:13.197+0000] {local_task_job_runner.py:123} INFO - ::group::Pre task execution logs
[2026-05-18T11:54:13.210+0000] {taskinstance.py:2613} INFO - Dependencies all met for dep_context=non-requeueable deps ti=<TaskInstance: retailflow_pipeline.load_snowflake_from_s3 manual__2026-05-18T11:54:04.467207+00:00 [queued]>
[2026-05-18T11:54:13.215+0000] {taskinstance.py:2613} INFO - Dependencies all met for dep_context=requeueable deps ti=<TaskInstance: retailflow_pipeline.load_snowflake_from_s3 manual__2026-05-18T11:54:04.467207+00:00 [queued]>
[2026-05-18T11:54:13.215+0000] {taskinstance.py:2866} INFO - Starting attempt 1 of 1
[2026-05-18T11:54:13.226+0000] {taskinstance.py:2889} INFO - Executing <Task(BashOperator): load_snowflake_from_s3> on 2026-05-18 11:54:04.467207+00:00
[2026-05-18T11:54:13.232+0000] {standard_task_runner.py:104} INFO - Running: ['***', 'tasks', 'run', 'retailflow_pipeline', 'load_snowflake_from_s3', 'manual__2026-05-18T11:54:04.467207+00:00', '--job-id', '9', '--raw', '--subdir', 'DAGS_FOLDER/retailflow_pipeline_dag.py', '--cfg-path', '/tmp/tmpvmhjsedx']
[2026-05-18T11:54:13.234+0000] {standard_task_runner.py:105} INFO - Job 9: Subtask load_snowflake_from_s3
[2026-05-18T11:54:13.235+0000] {logging_mixin.py:190} WARNING - /home/***/.local/lib/python3.12/site-packages/***/task/task_runner/standard_task_runner.py:70 DeprecationWarning: This process (pid=364) is multi-threaded, use of fork() may lead to deadlocks in the child.
[2026-05-18T11:54:13.235+0000] {standard_task_runner.py:72} INFO - Started process 365 to run task
[2026-05-18T11:54:13.269+0000] {task_command.py:467} INFO - Running <TaskInstance: retailflow_pipeline.load_snowflake_from_s3 manual__2026-05-18T11:54:04.467207+00:00 [running]> on host 8858b3c39436
[2026-05-18T11:54:13.325+0000] {taskinstance.py:3132} INFO - Exporting env vars: AIRFLOW_CTX_DAG_OWNER='***' AIRFLOW_CTX_DAG_ID='retailflow_pipeline' AIRFLOW_CTX_TASK_ID='load_snowflake_from_s3' AIRFLOW_CTX_EXECUTION_DATE='2026-05-18T11:54:04.467207+00:00' AIRFLOW_CTX_TRY_NUMBER='1' AIRFLOW_CTX_DAG_RUN_ID='manual__2026-05-18T11:54:04.467207+00:00'
[2026-05-18T11:54:13.326+0000] {taskinstance.py:731} INFO - ::endgroup::
[2026-05-18T11:54:13.337+0000] {subprocess.py:78} INFO - Tmp dir root location: /tmp
[2026-05-18T11:54:13.338+0000] {subprocess.py:88} INFO - Running command: ['/usr/bin/bash', '-c', 'cd /opt/***/project && python src/run_snowflake_s3_load.py']
[2026-05-18T11:54:13.346+0000] {subprocess.py:99} INFO - Output:
[2026-05-18T11:54:23.807+0000] {subprocess.py:106} INFO - Starting Snowflake S3 load...
[2026-05-18T11:54:23.808+0000] {subprocess.py:106} INFO - ('Statement executed successfully.',)
[2026-05-18T11:54:23.808+0000] {subprocess.py:106} INFO - ('Statement executed successfully.',)
[2026-05-18T11:54:23.808+0000] {subprocess.py:106} INFO - ('Statement executed successfully.',)
[2026-05-18T11:54:23.809+0000] {subprocess.py:106} INFO - ('Statement executed successfully.',)
[2026-05-18T11:54:23.809+0000] {subprocess.py:106} INFO - ('Statement executed successfully.',)
[2026-05-18T11:54:23.809+0000] {subprocess.py:106} INFO - ('Statement executed successfully.',)
[2026-05-18T11:54:23.810+0000] {subprocess.py:106} INFO - ('Statement executed successfully.',)
[2026-05-18T11:54:23.810+0000] {subprocess.py:106} INFO - ('s3://retailflow-analytics-harrison/processed/customers/customers.csv', 'LOADED', 500, 500, 1, 0, None, None, None, None)
[2026-05-18T11:54:23.810+0000] {subprocess.py:106} INFO - ('s3://retailflow-analytics-harrison/processed/products/products.csv', 'LOADED', 16, 16, 1, 0, None, None, None, None)
[2026-05-18T11:54:23.810+0000] {subprocess.py:106} INFO - ('s3://retailflow-analytics-harrison/processed/orders/orders.csv', 'LOADED', 2000, 2000, 1, 0, None, None, None, None)
[2026-05-18T11:54:23.811+0000] {subprocess.py:106} INFO - ('s3://retailflow-analytics-harrison/processed/ad_spend/ad_spend.csv', 'LOADED', 1095, 1095, 1, 0, None, None, None, None)
[2026-05-18T11:54:23.811+0000] {subprocess.py:106} INFO - ('s3://retailflow-analytics-harrison/processed/refunds/refunds.csv', 'LOADED', 441, 441, 1, 0, None, None, None, None)
[2026-05-18T11:54:23.811+0000] {subprocess.py:106} INFO - ('customers', 500)
[2026-05-18T11:54:23.812+0000] {subprocess.py:106} INFO - ('products', 16)
[2026-05-18T11:54:23.812+0000] {subprocess.py:106} INFO - ('orders', 2000)
[2026-05-18T11:54:23.812+0000] {subprocess.py:106} INFO - ('ad_spend', 1095)
[2026-05-18T11:54:23.812+0000] {subprocess.py:106} INFO - ('refunds', 441)
[2026-05-18T11:54:23.813+0000] {subprocess.py:106} INFO - Snowflake S3 load completed.
[2026-05-18T11:54:23.917+0000] {subprocess.py:110} INFO - Command exited with return code 0
[2026-05-18T11:54:23.939+0000] {taskinstance.py:340} INFO - ::group::Post task execution logs
[2026-05-18T11:54:23.940+0000] {taskinstance.py:352} INFO - Marking task as SUCCESS. dag_id=retailflow_pipeline, task_id=load_snowflake_from_s3, run_id=manual__2026-05-18T11:54:04.467207+00:00, execution_date=20260518T115404, start_date=20260518T115413, end_date=20260518T115423
[2026-05-18T11:54:23.980+0000] {local_task_job_runner.py:266} INFO - Task exited with return code 0
[2026-05-18T11:54:23.997+0000] {taskinstance.py:3895} INFO - 1 downstream tasks scheduled from follow-on schedule check
[2026-05-18T11:54:24.000+0000] {local_task_job_runner.py:245} INFO - ::endgroup::
