[2026-05-18T11:54:04.825+0000] {local_task_job_runner.py:123} INFO - ::group::Pre task execution logs
[2026-05-18T11:54:04.844+0000] {taskinstance.py:2613} INFO - Dependencies all met for dep_context=non-requeueable deps ti=<TaskInstance: retailflow_pipeline.generate_data manual__2026-05-18T11:54:04.467207+00:00 [queued]>
[2026-05-18T11:54:04.851+0000] {taskinstance.py:2613} INFO - Dependencies all met for dep_context=requeueable deps ti=<TaskInstance: retailflow_pipeline.generate_data manual__2026-05-18T11:54:04.467207+00:00 [queued]>
[2026-05-18T11:54:04.852+0000] {taskinstance.py:2866} INFO - Starting attempt 1 of 1
[2026-05-18T11:54:04.869+0000] {taskinstance.py:2889} INFO - Executing <Task(BashOperator): generate_data> on 2026-05-18 11:54:04.467207+00:00
[2026-05-18T11:54:04.877+0000] {standard_task_runner.py:104} INFO - Running: ['***', 'tasks', 'run', 'retailflow_pipeline', 'generate_data', 'manual__2026-05-18T11:54:04.467207+00:00', '--job-id', '5', '--raw', '--subdir', 'DAGS_FOLDER/retailflow_pipeline_dag.py', '--cfg-path', '/tmp/tmp7s8rzyt2']
[2026-05-18T11:54:04.879+0000] {logging_mixin.py:190} WARNING - /home/***/.local/lib/python3.12/site-packages/***/task/task_runner/standard_task_runner.py:70 DeprecationWarning: This process (pid=290) is multi-threaded, use of fork() may lead to deadlocks in the child.
[2026-05-18T11:54:04.880+0000] {standard_task_runner.py:105} INFO - Job 5: Subtask generate_data
[2026-05-18T11:54:04.880+0000] {standard_task_runner.py:72} INFO - Started process 291 to run task
[2026-05-18T11:54:04.920+0000] {task_command.py:467} INFO - Running <TaskInstance: retailflow_pipeline.generate_data manual__2026-05-18T11:54:04.467207+00:00 [running]> on host 8858b3c39436
[2026-05-18T11:54:04.987+0000] {taskinstance.py:3132} INFO - Exporting env vars: AIRFLOW_CTX_DAG_OWNER='***' AIRFLOW_CTX_DAG_ID='retailflow_pipeline' AIRFLOW_CTX_TASK_ID='generate_data' AIRFLOW_CTX_EXECUTION_DATE='2026-05-18T11:54:04.467207+00:00' AIRFLOW_CTX_TRY_NUMBER='1' AIRFLOW_CTX_DAG_RUN_ID='manual__2026-05-18T11:54:04.467207+00:00'
[2026-05-18T11:54:04.988+0000] {taskinstance.py:731} INFO - ::endgroup::
[2026-05-18T11:54:05.024+0000] {subprocess.py:78} INFO - Tmp dir root location: /tmp
[2026-05-18T11:54:05.026+0000] {subprocess.py:88} INFO - Running command: ['/usr/bin/bash', '-c', 'cd /opt/***/project && python src/generate_data.py']
[2026-05-18T11:54:05.035+0000] {subprocess.py:99} INFO - Output:
[2026-05-18T11:54:07.389+0000] {subprocess.py:106} INFO - Generated raw data files:
[2026-05-18T11:54:07.389+0000] {subprocess.py:106} INFO - - customers.csv
[2026-05-18T11:54:07.390+0000] {subprocess.py:106} INFO - - products.csv
[2026-05-18T11:54:07.390+0000] {subprocess.py:106} INFO - - orders.csv
[2026-05-18T11:54:07.390+0000] {subprocess.py:106} INFO - - ad_spend.csv
[2026-05-18T11:54:07.390+0000] {subprocess.py:106} INFO - - refunds.csv
[2026-05-18T11:54:07.448+0000] {subprocess.py:110} INFO - Command exited with return code 0
[2026-05-18T11:54:07.468+0000] {taskinstance.py:340} INFO - ::group::Post task execution logs
[2026-05-18T11:54:07.469+0000] {taskinstance.py:352} INFO - Marking task as SUCCESS. dag_id=retailflow_pipeline, task_id=generate_data, run_id=manual__2026-05-18T11:54:04.467207+00:00, execution_date=20260518T115404, start_date=20260518T115404, end_date=20260518T115407
[2026-05-18T11:54:07.500+0000] {local_task_job_runner.py:266} INFO - Task exited with return code 0
[2026-05-18T11:54:07.518+0000] {taskinstance.py:3895} INFO - 1 downstream tasks scheduled from follow-on schedule check
[2026-05-18T11:54:07.521+0000] {local_task_job_runner.py:245} INFO - ::endgroup::
